Component: ARM Compiler 5.05 update 1 (build 106) Tool: armlink [4d0efa]

==============================================================================

Section Cross References

    main.o(.text) refers to usbh_core.o(.text) for USBH_DeInit
    main.o(.text) refers to usb_core.o(.text) for USB_OTG_StopHost
    main.o(.text) refers to stm32f4xx_rcc.o(.text) for RCC_AHB2PeriphClockCmd
    main.o(.text) refers to delay.o(.text) for delay_ms
    main.o(.text) refers to rt_memclr_w.o(.text) for __aeabi_memclr4
    main.o(.text) refers to stm32f4xx_gpio.o(.text) for GPIO_Init
    main.o(.text) refers to misc.o(.text) for NVIC_PriorityGroupConfig
    main.o(.text) refers to usart.o(.text) for uart_init
    main.o(.text) refers to usbh_usr.o(.text) for USBH_Check_HIDCommDead
    main.o(.text) refers to main.o(.bss) for USB_Host
    main.o(.text) refers to usbh_usr.o(.data) for USR_Callbacks
    main.o(.text) refers to usbh_hid_core.o(.data) for HID_cb
    main.o(.text) refers to usbh_hid_core.o(.bss) for HID_Machine
    system_stm32f4xx.o(.text) refers to system_stm32f4xx.o(.data) for SystemCoreClock
    delay.o(.text) refers to misc.o(.text) for SysTick_CLKSourceConfig
    delay.o(.text) refers to delay.o(.data) for fac_us
    usart.o(.rev16_text) refers (Special) to use_no_semi_2.o(.text) for __use_no_semihosting
    usart.o(.revsh_text) refers (Special) to use_no_semi_2.o(.text) for __use_no_semihosting
    usart.o(.text) refers (Special) to use_no_semi_2.o(.text) for __use_no_semihosting
    usart.o(.text) refers to stm32f4xx_rcc.o(.text) for RCC_AHB1PeriphClockCmd
    usart.o(.text) refers to stm32f4xx_gpio.o(.text) for GPIO_PinAFConfig
    usart.o(.text) refers to stm32f4xx_usart.o(.text) for USART_Init
    usart.o(.text) refers to misc.o(.text) for NVIC_Init
    usart.o(.text) refers to usart.o(.data) for USART_RX_STA
    usart.o(.text) refers to usart.o(.bss) for USART_RX_BUF
    usart.o(.bss) refers (Special) to use_no_semi_2.o(.text) for __use_no_semihosting
    usart.o(.data) refers (Special) to use_no_semi_2.o(.text) for __use_no_semihosting
    startup_stm32f40_41xxx.o(STACK) refers (Special) to heapauxi.o(.text) for __use_two_region_memory
    startup_stm32f40_41xxx.o(HEAP) refers (Special) to heapauxi.o(.text) for __use_two_region_memory
    startup_stm32f40_41xxx.o(RESET) refers (Special) to heapauxi.o(.text) for __use_two_region_memory
    startup_stm32f40_41xxx.o(RESET) refers to startup_stm32f40_41xxx.o(STACK) for __initial_sp
    startup_stm32f40_41xxx.o(RESET) refers to startup_stm32f40_41xxx.o(.text) for Reset_Handler
    startup_stm32f40_41xxx.o(RESET) refers to stm32f4xx_it.o(.text) for NMI_Handler
    startup_stm32f40_41xxx.o(RESET) refers to usart.o(.text) for USART1_IRQHandler
    startup_stm32f40_41xxx.o(RESET) refers to usbh_usr.o(.text) for OTG_FS_IRQHandler
    startup_stm32f40_41xxx.o(.text) refers (Special) to heapauxi.o(.text) for __use_two_region_memory
    startup_stm32f40_41xxx.o(.text) refers to system_stm32f4xx.o(.text) for SystemInit
    startup_stm32f40_41xxx.o(.text) refers to __main.o(!!!main) for __main
    startup_stm32f40_41xxx.o(.text) refers to startup_stm32f40_41xxx.o(HEAP) for Heap_Mem
    startup_stm32f40_41xxx.o(.text) refers to startup_stm32f40_41xxx.o(STACK) for Stack_Mem
    stm32f4xx_gpio.o(.text) refers to stm32f4xx_rcc.o(.text) for RCC_AHB1PeriphResetCmd
    stm32f4xx_fsmc.o(.text) refers to stm32f4xx_fsmc.o(.constdata) for FSMC_DefaultTimingStruct
    stm32f4xx_rcc.o(.text) refers to stm32f4xx_rcc.o(.data) for APBAHBPrescTable
    stm32f4xx_syscfg.o(.text) refers to stm32f4xx_rcc.o(.text) for RCC_APB2PeriphResetCmd
    stm32f4xx_usart.o(.text) refers to stm32f4xx_rcc.o(.text) for RCC_APB2PeriphResetCmd
    usb_core.o(.text) refers to usb_bsp.o(.text) for USB_OTG_BSP_uDelay
    usb_hcd.o(.text) refers to usb_core.o(.text) for USB_OTG_SelectCore
    usb_hcd_int.o(.text) refers to usb_core.o(.text) for USB_OTG_InitFSLSPClkSel
    usb_hcd_int.o(.text) refers to usbh_core.o(.data) for USBH_HCD_INT_fops
    usbh_core.o(.text) refers to usbh_hcs.o(.text) for USBH_Free_Channel
    usbh_core.o(.text) refers to usb_bsp.o(.text) for USB_OTG_BSP_Init
    usbh_core.o(.text) refers to usb_hcd.o(.text) for HCD_Init
    usbh_core.o(.text) refers to usbh_ioreq.o(.text) for USBH_CtlSendSetup
    usbh_core.o(.text) refers to usbh_stdreq.o(.text) for USBH_Get_DevDesc
    usbh_core.o(.text) refers to usbh_core.o(.data) for timeout
    usbh_core.o(.data) refers to usbh_core.o(.text) for USBH_SOF
    usbh_hcs.o(.text) refers to usb_core.o(.text) for USB_OTG_HC_Init
    usbh_ioreq.o(.text) refers to usb_hcd.o(.text) for HCD_SubmitRequest
    usbh_stdreq.o(.text) refers to usbh_ioreq.o(.text) for USBH_CtlReq
    usbh_stdreq.o(.text) refers to usbh_stdreq.o(.data) for prev_itf
    usbh_stdreq.o(.text) refers to usbh_stdreq.o(.bss) for USBH_CfgDesc
[...]
    ../clib/printf.c                         0x00000000   Number         0  _printf_hex_int_ll_ptr.o ABSOLUTE
    ../clib/printf.c                         0x00000000   Number         0  __printf_flags.o ABSOLUTE
    ../clib/printf.c                         0x00000000   Number         0  __printf_ss.o ABSOLUTE
    ../clib/printf.c                         0x00000000   Number         0  __printf_flags_ss.o ABSOLUTE
    ../clib/printf.c                         0x00000000   Number         0  __printf_wp.o ABSOLUTE
    ../clib/printf_percent.s                 0x00000000   Number         0  _printf_percent_end.o ABSOLUTE
    ../clib/printf_percent.s                 0x00000000   Number         0  _printf_x.o ABSOLUTE
    ../clib/printf_percent.s                 0x00000000   Number         0  _printf_percent.o ABSOLUTE
    ../clib/printf_percent.s                 0x00000000   Number         0  _printf_d.o ABSOLUTE
    ../clib/printf_percent.s                 0x00000000   Number         0  _printf_s.o ABSOLUTE
    ../clib/signal.c                         0x00000000   Number         0  defsig_other.o ABSOLUTE
    ../clib/signal.c                         0x00000000   Number         0  defsig_segv_inner.o ABSOLUTE
    ../clib/signal.c                         0x00000000   Number         0  defsig_cppl_inner.o ABSOLUTE
    ../clib/signal.c                         0x00000000   Number         0  defsig_pvfn_inner.o ABSOLUTE
    ../clib/signal.c                         0x00000000   Number         0  defsig_rtmem_outer.o ABSOLUTE
    ../clib/signal.c                         0x00000000   Number         0  defsig_rtmem_formal.o ABSOLUTE
    ../clib/signal.c                         0x00000000   Number         0  defsig_exit.o ABSOLUTE
    ../clib/signal.c                         0x00000000   Number         0  defsig_rtmem_inner.o ABSOLUTE
    ../clib/signal.c                         0x00000000   Number         0  __raise.o ABSOLUTE
    ../clib/signal.c                         0x00000000   Number         0  defsig_general.o ABSOLUTE
    ../clib/signal.c                         0x00000000   Number         0  defsig_abrt_inner.o ABSOLUTE
    ../clib/signal.c                         0x00000000   Number         0  defsig_fpe_inner.o ABSOLUTE
    ../clib/signal.c                         0x00000000   Number         0  defsig_rtred_inner.o ABSOLUTE
    ../clib/signal.c                         0x00000000   Number         0  defsig_stak_inner.o ABSOLUTE
    ../clib/signal.s                         0x00000000   Number         0  defsig.o ABSOLUTE
    ../clib/stdio.c                          0x00000000   Number         0  ferror_locked.o ABSOLUTE
    ../clib/stdio.c                          0x00000000   Number         0  ferror.o ABSOLUTE
    ../clib/stdlib.c                         0x00000000   Number         0  exit.o ABSOLUTE
    ../clib/string.c                         0x00000000   Number         0  strcat.o ABSOLUTE
    ../fplib/fpinit.s                        0x00000000   Number         0  fpinit.o ABSOLUTE
    ..\CORE\startup_stm32f40_41xxx.s         0x00000000   Number         0  startup_stm32f40_41xxx.o ABSOLUTE
    ..\FWLIB\src\misc.c                      0x00000000   Number         0  misc.o ABSOLUTE
    ..\FWLIB\src\stm32f4xx_fsmc.c            0x00000000   Number         0  stm32f4xx_fsmc.o ABSOLUTE
    ..\FWLIB\src\stm32f4xx_gpio.c            0x00000000   Number         0  stm32f4xx_gpio.o ABSOLUTE
    ..\FWLIB\src\stm32f4xx_rcc.c             0x00000000   Number         0  stm32f4xx_rcc.o ABSOLUTE
    ..\FWLIB\src\stm32f4xx_syscfg.c          0x00000000   Number         0  stm32f4xx_syscfg.o ABSOLUTE
    ..\FWLIB\src\stm32f4xx_usart.c           0x00000000   Number         0  stm32f4xx_usart.o ABSOLUTE
    ..\SYSTEM\delay\delay.c                  0x00000000   Number         0  delay.o ABSOLUTE
    ..\SYSTEM\sys\sys.c                      0x00000000   Number         0  sys.o ABSOLUTE
    ..\SYSTEM\usart\usart.c                  0x00000000   Number         0  usart.o ABSOLUTE
    ..\USB\STM32_USB_HOST_Library\Class\HID\src\usbh_hid_core.c 0x00000000   Number         0  usbh_hid_core.o ABSOLUTE
    ..\USB\STM32_USB_HOST_Library\Class\HID\src\usbh_hid_keybd.c 0x00000000   Number         0  usbh_hid_keybd.o ABSOLUTE
    ..\USB\STM32_USB_HOST_Library\Class\HID\src\usbh_hid_mouse.c 0x00000000   Number         0  usbh_hid_mouse.o ABSOLUTE
    ..\USB\STM32_USB_HOST_Library\Core\src\usbh_core.c 0x00000000   Number         0  usbh_core.o ABSOLUTE
    ..\USB\STM32_USB_HOST_Library\Core\src\usbh_hcs.c 0x00000000   Number         0  usbh_hcs.o ABSOLUTE
    ..\USB\STM32_USB_HOST_Library\Core\src\usbh_ioreq.c 0x00000000   Number         0  usbh_ioreq.o ABSOLUTE
    ..\USB\STM32_USB_HOST_Library\Core\src\usbh_stdreq.c 0x00000000   Number         0  usbh_stdreq.o ABSOLUTE
    ..\USB\STM32_USB_OTG_Driver\src\usb_core.c 0x00000000   Number         0  usb_core.o ABSOLUTE
    ..\USB\STM32_USB_OTG_Driver\src\usb_hcd.c 0x00000000   Number         0  usb_hcd.o ABSOLUTE
    ..\USB\STM32_USB_OTG_Driver\src\usb_hcd_int.c 0x00000000   Number         0  usb_hcd_int.o ABSOLUTE
    ..\USB\USB_APP\usb_bsp.c                 0x00000000   Number         0  usb_bsp.o ABSOLUTE
    ..\USB\USB_APP\usbh_usr.c                0x00000000   Number         0  usbh_usr.o ABSOLUTE
    ..\\FWLIB\\src\\misc.c                   0x00000000   Number         0  misc.o ABSOLUTE
    ..\\FWLIB\\src\\stm32f4xx_fsmc.c         0x00000000   Number         0  stm32f4xx_fsmc.o ABSOLUTE
    ..\\FWLIB\\src\\stm32f4xx_gpio.c         0x00000000   Number         0  stm32f4xx_gpio.o ABSOLUTE
    ..\\FWLIB\\src\\stm32f4xx_rcc.c          0x00000000   Number         0  stm32f4xx_rcc.o ABSOLUTE
    ..\\FWLIB\\src\\stm32f4xx_syscfg.c       0x00000000   Number         0  stm32f4xx_syscfg.o ABSOLUTE
    ..\\FWLIB\\src\\stm32f4xx_usart.c        0x00000000   Number         0  stm32f4xx_usart.o ABSOLUTE
    ..\\SYSTEM\\delay\\delay.c               0x00000000   Number         0  delay.o ABSOLUTE
    ..\\SYSTEM\\sys\\sys.c                   0x00000000   Number         0  sys.o ABSOLUTE
    ..\\SYSTEM\\usart\\usart.c               0x00000000   Number         0  usart.o ABSOLUTE
    ..\\USB\\STM32_USB_HOST_Library\\Class\\HID\\src\\usbh_hid_core.c 0x00000000   Number         0  usbh_hid_core.o ABSOLUTE
    ..\\USB\\STM32_USB_HOST_Library\\Class\\HID\\src\\usbh_hid_keybd.c 0x00000000   Number         0  usbh_hid_keybd.o ABSOLUTE
    ..\\USB\\STM32_USB_HOST_Library\\Class\\HID\\src\\usbh_hid_mouse.c 0x00000000   Number         0  usbh_hid_mouse.o ABSOLUTE
    ..\\USB\\STM32_USB_HOST_Library\\Core\\src\\usbh_core.c 0x00000000   Number         0  usbh_core.o ABSOLUTE
    ..\\USB\\STM32_USB_HOST_Library\\Core\\src\\usbh_hcs.c 0x00000000   Number         0  usbh_hcs.o ABSOLUTE
    ..\\USB\\STM32_USB_HOST_Library\\Core\\src\\usbh_ioreq.c 0x00000000   Number         0  usbh_ioreq.o ABSOLUTE
    ..\\USB\\STM32_USB_HOST_Library\\Core\\src\\usbh_stdreq.c 0x00000000   Number         0  usbh_stdreq.o ABSOLUTE
    ..\\USB\\STM32_USB_OTG_Driver\\src\\usb_core.c 0x00000000   Number         0  usb_core.o ABSOLUTE
    ..\\USB\\STM32_USB_OTG_Driver\\src\\usb_hcd.c 0x00000000   Number         0  usb_hcd.o ABSOLUTE
    ..\\USB\\STM32_USB_OTG_Driver\\src\\usb_hcd_int.c 0x00000000   Number         0  usb_hcd_int.o ABSOLUTE
    ..\\USB\\USB_APP\\usb_bsp.c              0x00000000   Number         0  usb_bsp.o ABSOLUTE
    ..\\USB\\USB_APP\\usbh_usr.c             0x00000000   Number         0  usbh_usr.o ABSOLUTE
    dc.s                                     0x00000000   Number         0  dc.o ABSOLUTE
    main.c                                   0x00000000   Number         0  main.o ABSOLUTE
    main.c                                   0x00000000   Number         0  main.o ABSOLUTE
    stm32f4xx_it.c                           0x00000000   Number         0  stm32f4xx_it.o ABSOLUTE
    stm32f4xx_it.c                           0x00000000   Number         0  stm32f4xx_it.o ABSOLUTE
    system_stm32f4xx.c                       0x00000000   Number         0  system_stm32f4xx.o ABSOLUTE
    system_stm32f4xx.c                       0x00000000   Number         0  system_stm32f4xx.o ABSOLUTE
    RESET                                    0x08000000   Section      392  startup_stm32f40_41xxx.o(RESET)
    !!!main                                  0x08000188   Section        8  __main.o(!!!main)
    !!!scatter                               0x08000190   Section       52  __scatter.o(!!!scatter)
    !!handler_copy                           0x080001c4   Section       26  __scatter_copy.o(!!handler_copy)
    !!handler_zi                             0x080001e0   Section       28  __scatter_zi.o(!!handler_zi)
    .ARM.Collect$$_printf_percent$$00000000  0x080001fc   Section        0  _printf_percent.o(.ARM.Collect$$_printf_percent$$00000000)
    .ARM.Collect$$_printf_percent$$00000009  0x080001fc   Section        6  _printf_d.o(.ARM.Collect$$_printf_percent$$00000009)
    .ARM.Collect$$_printf_percent$$0000000C  0x08000202   Section        6  _printf_x.o(.ARM.Collect$$_printf_percent$$0000000C)
    .ARM.Collect$$_printf_percent$$00000014  0x08000208   Section        6  _printf_s.o(.ARM.Collect$$_printf_percent$$00000014)
    .ARM.Collect$$_printf_percent$$00000017  0x0800020e   Section        4  _printf_percent_end.o(.ARM.Collect$$_printf_percent$$00000017)
    .ARM.Collect$$libinit$$00000000          0x08000212   Section        2  libinit.o(.ARM.Collect$$libinit$$00000000)
    .ARM.Collect$$libinit$$00000001          0x08000214   Section        4  libinit2.o(.ARM.Collect$$libinit$$00000001)
    .ARM.Collect$$libinit$$00000004          0x08000218   Section        0  libinit2.o(.ARM.Collect$$libinit$$00000004)
    .ARM.Collect$$libinit$$0000000A          0x08000218   Section        0  libinit2.o(.ARM.Collect$$libinit$$0000000A)
    .ARM.Collect$$libinit$$0000000C          0x08000218   Section        0  libinit2.o(.ARM.Collect$$libinit$$0000000C)
    .ARM.Collect$$libinit$$0000000E          0x08000218   Section        0  libinit2.o(.ARM.Collect$$libinit$$0000000E)
    .ARM.Collect$$libinit$$00000011          0x08000218   Section        0  libinit2.o(.ARM.Collect$$libinit$$00000011)
    .ARM.Collect$$libinit$$00000013          0x08000218   Section        0  libinit2.o(.ARM.Collect$$libinit$$00000013)
    .ARM.Collect$$libinit$$00000015          0x08000218   Section        0  libinit2.o(.ARM.Collect$$libinit$$00000015)
    .ARM.Collect$$libinit$$00000017          0x08000218   Section        0  libinit2.o(.ARM.Collect$$libinit$$00000017)
    .ARM.Collect$$libinit$$00000019          0x08000218   Section        0  libinit2.o(.ARM.Collect$$libinit$$00000019)
    .ARM.Collect$$libinit$$0000001B          0x08000218   Section        0  libinit2.o(.ARM.Collect$$libinit$$0000001B)
    .ARM.Collect$$libinit$$0000001D          0x08000218   Section        0  libinit2.o(.ARM.Collect$$libinit$$0000001D)
    .ARM.Collect$$libinit$$0000001F          0x08000218   Section        0  libinit2.o(.ARM.Collect$$libinit$$0000001F)
    .ARM.Collect$$libinit$$00000021          0x08000218   Section        0  libinit2.o(.ARM.Collect$$libinit$$00000021)
    .ARM.Collect$$libinit$$00000023          0x08000218   Section        0  libinit2.o(.ARM.Collect$$libinit$$00000023)
    .ARM.Collect$$libinit$$00000025          0x08000218   Section        0  libinit2.o(.ARM.Collect$$libinit$$00000025)
    .ARM.Collect$$libinit$$0000002C          0x08000218   Section        0  libinit2.o(.ARM.Collect$$libinit$$0000002C)
    .ARM.Collect$$libinit$$0000002E          0x08000218   Section        0  libinit2.o(.ARM.Collect$$libinit$$0000002E)
    .ARM.Collect$$libinit$$00000030          0x08000218   Section        0  libinit2.o(.ARM.Collect$$libinit$$00000030)
    .ARM.Collect$$libinit$$00000032          0x08000218   Section        0  libinit2.o(.ARM.Collect$$libinit$$00000032)
    .ARM.Collect$$libinit$$00000033          0x08000218   Section        2  libinit2.o(.ARM.Collect$$libinit$$00000033)
    .ARM.Collect$$libshutdown$$00000000      0x0800021a   Section        2  libshutdown.o(.ARM.Collect$$libshutdown$$00000000)
    .ARM.Collect$$libshutdown$$00000003      0x0800021c   Section        0  libshutdown2.o(.ARM.Collect$$libshutdown$$00000003)
    .ARM.Collect$$libshutdown$$00000006      0x0800021c   Section        0  libshutdown2.o(.ARM.Collect$$libshutdown$$00000006)
    .ARM.Collect$$libshutdown$$00000009      0x0800021c   Section        0  libshutdown2.o(.ARM.Collect$$libshutdown$$00000009)
    .ARM.Collect$$libshutdown$$0000000B      0x0800021c   Section        0  libshutdown2.o(.ARM.Collect$$libshutdown$$0000000B)
    .ARM.Collect$$libshutdown$$0000000E      0x0800021c   Section        0  libshutdown2.o(.ARM.Collect$$libshutdown$$0000000E)
    .ARM.Collect$$libshutdown$$0000000F      0x0800021c   Section        2  libshutdown2.o(.ARM.Collect$$libshutdown$$0000000F)
    .ARM.Collect$$rtentry$$00000000          0x0800021e   Section        0  __rtentry.o(.ARM.Collect$$rtentry$$00000000)
    .ARM.Collect$$rtentry$$00000002          0x0800021e   Section        0  __rtentry2.o(.ARM.Collect$$rtentry$$00000002)
    .ARM.Collect$$rtentry$$00000004          0x0800021e   Section        6  __rtentry4.o(.ARM.Collect$$rtentry$$00000004)
    .ARM.Collect$$rtentry$$00000009          0x08000224   Section        0  __rtentry2.o(.ARM.Collect$$rtentry$$00000009)
    .ARM.Collect$$rtentry$$0000000A          0x08000224   Section        4  __rtentry2.o(.ARM.Collect$$rtentry$$0000000A)
    .ARM.Collect$$rtentry$$0000000C          0x08000228   Section        0  __rtentry2.o(.ARM.Collect$$rtentry$$0000000C)
    .ARM.Collect$$rtentry$$0000000D          0x08000228   Section        8  __rtentry2.o(.ARM.Collect$$rtentry$$0000000D)
    .ARM.Collect$$rtexit$$00000000           0x08000230   Section        2  rtexit.o(.ARM.Collect$$rtexit$$00000000)
    .ARM.Collect$$rtexit$$00000002           0x08000232   Section        0  rtexit2.o(.ARM.Collect$$rtexit$$00000002)
    .ARM.Collect$$rtexit$$00000003           0x08000232   Section        4  rtexit2.o(.ARM.Collect$$rtexit$$00000003)
    .ARM.Collect$$rtexit$$00000004           0x08000236   Section        6  rtexit2.o(.ARM.Collect$$rtexit$$00000004)
    .text                                    0x0800023c   Section        0  main.o(.text)
    .text                                    0x08000384   Section        0  stm32f4xx_it.o(.text)
    .text                                    0x080003a0   Section        0  system_stm32f4xx.o(.text)
    SetSysClock                              0x080003a1   Thumb Code   220  system_stm32f4xx.o(.text)
    .text                                    0x080005b0   Section        0  delay.o(.text)
    .text                                    0x080006b4   Section        0  usart.o(.text)
    .text                                    0x080007fc   Section       64  startup_stm32f40_41xxx.o(.text)
    $v0                                      0x080007fc   Number         0  startup_stm32f40_41xxx.o(.text)
    .text                                    0x0800083c   Section        0  misc.o(.text)
    .text                                    0x0800091c   Section        0  stm32f4xx_gpio.o(.text)
    .text                                    0x08000bb0   Section        0  stm32f4xx_rcc.o(.text)
    .text                                    0x0800120c   Section        0  stm32f4xx_usart.o(.text)
    .text                                    0x08001660   Section        0  usb_core.o(.text)
    USB_OTG_EnableCommonInt                  0x08001661   Thumb Code    52  usb_core.o(.text)
    USB_OTG_CoreReset                        0x08001695   Thumb Code   108  usb_core.o(.text)
    .text                                    0x0800228a   Section        0  usb_hcd.o(.text)
    .text                                    0x08002370   Section        0  usb_hcd_int.o(.text)
    USB_OTG_USBH_handle_IncompletePeriodicXfer_ISR 0x08002371   Thumb Code    70  usb_hcd_int.o(.text)
    USB_OTG_USBH_handle_Disconnect_ISR       0x080023b7   Thumb Code    40  usb_hcd_int.o(.text)
    USB_OTG_USBH_handle_port_ISR             0x080023df   Thumb Code   282  usb_hcd_int.o(.text)
    USB_OTG_USBH_handle_hc_n_Out_ISR         0x080024f9   Thumb Code   984  usb_hcd_int.o(.text)
    USB_OTG_USBH_handle_hc_n_In_ISR          0x080028d1   Thumb Code  1066  usb_hcd_int.o(.text)
    USB_OTG_USBH_handle_hc_ISR               0x08002cfb   Thumb Code    86  usb_hcd_int.o(.text)
    USB_OTG_USBH_handle_ptxfempty_ISR        0x08002d51   Thumb Code   302  usb_hcd_int.o(.text)
    USB_OTG_USBH_handle_nptxfempty_ISR       0x08002e7f   Thumb Code   302  usb_hcd_int.o(.text)
    USB_OTG_USBH_handle_rx_qlvl_ISR          0x08002fad   Thumb Code   356  usb_hcd_int.o(.text)
    USB_OTG_USBH_handle_sof_ISR              0x08003111   Thumb Code    38  usb_hcd_int.o(.text)
    .text                                    0x080031e4   Section        0  usbh_core.o(.text)
    USBH_HandleEnum                          0x080034cf   Thumb Code   472  usbh_core.o(.text)
    .text                                    0x0800384a   Section        0  usbh_hcs.o(.text)
    USBH_GetFreeChannel                      0x08003949   Thumb Code    40  usbh_hcs.o(.text)
    .text                                    0x080039d0   Section        0  usbh_ioreq.o(.text)
    USBH_SubmitSetupRequest                  0x080039d1   Thumb Code    24  usbh_ioreq.o(.text)
    .text                                    0x08003d78   Section        0  usbh_stdreq.o(.text)
    USBH_ParseDevDesc                        0x08003d79   Thumb Code    88  usbh_stdreq.o(.text)
    USBH_ParseEPDesc                         0x08003e4d   Thumb Code    32  usbh_stdreq.o(.text)
    USBH_ParseInterfaceDesc                  0x08003e6d   Thumb Code    38  usbh_stdreq.o(.text)
    USBH_ParseCfgDesc                        0x08003ea5   Thumb Code   274  usbh_stdreq.o(.text)
    USBH_ParseStringDesc                     0x0800400f   Thumb Code    54  usbh_stdreq.o(.text)
    .text                                    0x08004150   Section        0  usbh_hid_core.o(.text)
    USBH_HID_InterfaceInit                   0x08004151   Thumb Code   328  usbh_hid_core.o(.text)
    USBH_HID_InterfaceDeInit                 0x08004299   Thumb Code    94  usbh_hid_core.o(.text)
    USBH_Set_Protocol                        0x080042f7   Thumb Code    48  usbh_hid_core.o(.text)
    USBH_Set_Idle                            0x08004327   Thumb Code    50  usbh_hid_core.o(.text)
    USBH_Get_HID_ReportDescriptor            0x08004359   Thumb Code    40  usbh_hid_core.o(.text)
    USBH_ParseHIDDesc                        0x08004381   Thumb Code    42  usbh_hid_core.o(.text)
    USBH_Get_HID_Descriptor                  0x080043ab   Thumb Code    40  usbh_hid_core.o(.text)
    USBH_HID_ClassRequest                    0x080043d3   Thumb Code   168  usbh_hid_core.o(.text)
    USBH_HID_Handle                          0x0800447b   Thumb Code   274  usbh_hid_core.o(.text)
    .text                                    0x080045c4   Section        0  usbh_hid_keybd.o(.text)
    KEYBRD_Init                              0x080045c5   Thumb Code     8  usbh_hid_keybd.o(.text)
    KEYBRD_Decode                            0x080045cd   Thumb Code   296  usbh_hid_keybd.o(.text)
    .text                                    0x08004720   Section        0  usbh_hid_mouse.o(.text)
    MOUSE_Init                               0x08004721   Thumb Code     8  usbh_hid_mouse.o(.text)
    MOUSE_Decode                             0x08004729   Thumb Code    80  usbh_hid_mouse.o(.text)
    .text                                    0x08004780   Section        0  usb_bsp.o(.text)
    .text                                    0x0800483c   Section        0  usbh_usr.o(.text)
    .text                                    0x08004e0c   Section        2  use_no_semi_2.o(.text)
    .text                                    0x08004e10   Section        0  noretval__2printf.o(.text)
    .text                                    0x08004e28   Section        0  noretval__2sprintf.o(.text)
    .text                                    0x08004e50   Section        0  _printf_pad.o(.text)
    .text                                    0x08004e9e   Section        0  _printf_str.o(.text)
    .text                                    0x08004ef0   Section        0  _printf_dec.o(.text)
    .text                                    0x08004f68   Section        0  _printf_hex_int.o(.text)
    .text                                    0x08004fc0   Section        0  __printf_flags_wp.o(.text)
    .text                                    0x080050f8   Section        0  strcat.o(.text)
    .text                                    0x08005110   Section       78  rt_memclr_w.o(.text)
    .text                                    0x0800515e   Section        0  heapauxi.o(.text)
    .text                                    0x08005164   Section        2  use_no_semi.o(.text)
    .text                                    0x08005166   Section        0  _printf_intcommon.o(.text)
    .text                                    0x08005218   Section        0  _printf_char_common.o(.text)
    _printf_input_char                       0x08005219   Thumb Code    10  _printf_char_common.o(.text)
    .text                                    0x08005248   Section        0  _sputc.o(.text)
    .text                                    0x08005252   Section        0  _printf_char.o(.text)
    .text                                    0x08005280   Section        0  _printf_char_file.o(.text)
    .text                                    0x080052a4   Section        0  ferror.o(.text)
    .text                                    0x080052ac   Section       74  sys_stackheap_outer.o(.text)
    .text                                    0x080052f6   Section        0  exit.o(.text)
    .text                                    0x08005304   Section        8  libspace.o(.text)
    i._is_digit                              0x0800530c   Section        0  __printf_wp.o(i._is_digit)
    x$fpl$fpinit                             0x0800531a   Section       10  fpinit.o(x$fpl$fpinit)
    $v0                                      0x0800531a   Number         0  fpinit.o(x$fpl$fpinit)
    .constdata                               0x08005324   Section      492  usbh_hid_keybd.o(.constdata)
    HID_KEYBRD_Codes                         0x08005324   Data         232  usbh_hid_keybd.o(.constdata)
    HID_KEYBRD_Key                           0x0800540c   Data         130  usbh_hid_keybd.o(.constdata)
    HID_KEYBRD_ShiftKey                      0x0800548e   Data         130  usbh_hid_keybd.o(.constdata)
    .constdata                               0x08005510   Section       40  _printf_hex_int.o(.constdata)
    uc_hextab                                0x08005510   Data          20  _printf_hex_int.o(.constdata)
    lc_hextab                                0x08005524   Data          20  _printf_hex_int.o(.constdata)
    .constdata                               0x08005538   Section       17  __printf_flags_wp.o(.constdata)
    maptable                                 0x08005538   Data          17  __printf_flags_wp.o(.constdata)
    .data                                    0x20000000   Section       20  system_stm32f4xx.o(.data)
    .data                                    0x20000014   Section        4  delay.o(.data)
    fac_us                                   0x20000014   Data           1  delay.o(.data)
    fac_ms                                   0x20000016   Data           2  delay.o(.data)
    .data                                    0x20000018   Section        6  usart.o(.data)
    .data                                    0x2000001e   Section       16  stm32f4xx_rcc.o(.data)
    APBAHBPrescTable                         0x2000001e   Data          16  stm32f4xx_rcc.o(.data)
    .data                                    0x20000030   Section       18  usbh_core.o(.data)
    timeout                                  0x20000040   Data           2  usbh_core.o(.data)
    .data                                    0x20000042   Section        3  usbh_stdreq.o(.data)
    prev_ep_size                             0x20000042   Data           2  usbh_stdreq.o(.data)
    prev_itf                                 0x20000044   Data           1  usbh_stdreq.o(.data)
    .data                                    0x20000048   Section       28  usbh_hid_core.o(.data)
    .data                                    0x20000064   Section       31  usbh_hid_keybd.o(.data)
    shift                                    0x2000006c   Data           1  usbh_hid_keybd.o(.data)
    keys                                     0x2000006d   Data           6  usbh_hid_keybd.o(.data)
    keys_new                                 0x20000073   Data           6  usbh_hid_keybd.o(.data)
    keys_last                                0x20000079   Data           6  usbh_hid_keybd.o(.data)
    key_newest                               0x2000007f   Data           1  usbh_hid_keybd.o(.data)
    nbr_keys                                 0x20000080   Data           1  usbh_hid_keybd.o(.data)
    nbr_keys_new                             0x20000081   Data           1  usbh_hid_keybd.o(.data)
    nbr_keys_last                            0x20000082   Data           1  usbh_hid_keybd.o(.data)
    .data                                    0x20000084   Section       12  usbh_hid_mouse.o(.data)
    .data                                    0x20000090   Section       94  usbh_usr.o(.data)
    errcnt                                   0x200000e4   Data           2  usbh_usr.o(.data)
    x                                        0x200000e6   Data           2  usbh_usr.o(.data)
    y                                        0x200000e8   Data           2  usbh_usr.o(.data)
    z                                        0x200000ea   Data           2  usbh_usr.o(.data)
    pos                                      0x200000ec   Data           2  usbh_usr.o(.data)
    .bss                                     0x200000f0   Section     1584  main.o(.bss)
    .bss                                     0x20000720   Section      200  usart.o(.bss)
    .bss                                     0x200007e8   Section      512  usbh_stdreq.o(.bss)
    .bss                                     0x200009e8   Section      166  usbh_hid_core.o(.bss)
    .bss                                     0x20000a90   Section     2017  usbh_usr.o(.bss)
    .bss                                     0x20001274   Section       96  libspace.o(.bss)
    HEAP                                     0x200012d8   Section      512  startup_stm32f40_41xxx.o(HEAP)
    Heap_Mem                                 0x200012d8   Data         512  startup_stm32f40_41xxx.o(HEAP)
    STACK                                    0x200014d8   Section     1024  startup_stm32f40_41xxx.o(STACK)
    Stack_Mem                                0x200014d8   Data        1024  startup_stm32f40_41xxx.o(STACK)
    __initial_sp                             0x200018d8   Data           0  startup_stm32f40_41xxx.o(STACK)

    Global Symbols

    Symbol Name                              Value     Ov Type        Size  Object(Section)

    BuildAttributes$$THM_ISAv4$E$P$D$K$B$S$7EM$VFPi3$EXTD16$VFPS$VFMA$PE$A:L22UL41UL21$X:L11$S22US41US21$IEEE1$IW$USESV6$~STKCKD$USESV7$~SHL$OSPACE$ROPI$EBA8$UX$STANDARDLIB$REQ8$PRES8$EABIv2 0x00000000   Number         0  anon$$obj.o ABSOLUTE
    __ARM_use_no_argv                        0x00000000   Number         0  main.o ABSOLUTE
    _printf_flags                            0x00000000   Number         0  printf_stubs.o ABSOLUTE
    _printf_return_value                     0x00000000   Number         0  printf_stubs.o ABSOLUTE
    _printf_sizespec                         0x00000000   Number         0  printf_stubs.o ABSOLUTE
    _printf_widthprec                        0x00000000   Number         0  printf_stubs.o ABSOLUTE
    __ARM_exceptions_init                     - Undefined Weak Reference
    __alloca_initialize                       - Undefined Weak Reference
    __arm_preinit_                            - Undefined Weak Reference
    __cpp_initialize__aeabi_                  - Undefined Weak Reference
    __cxa_finalize                            - Undefined Weak Reference
    __rt_locale                               - Undefined Weak Reference
    __sigvec_lookup                           - Undefined Weak Reference
    _atexit_init                              - Undefined Weak Reference
    _call_atexit_fns                          - Undefined Weak Reference
    _clock_init                               - Undefined Weak Reference
    _fp_trap_init                             - Undefined Weak Reference
    _fp_trap_shutdown                         - Undefined Weak Reference
    _get_lc_collate                           - Undefined Weak Reference
    _get_lc_ctype                             - Undefined Weak Reference
    _get_lc_monetary                          - Undefined Weak Reference
    _get_lc_numeric                           - Undefined Weak Reference
    _get_lc_time                              - Undefined Weak Reference
    _getenv_init                              - Undefined Weak Reference
    _handle_redirection                       - Undefined Weak Reference
    _init_alloc                               - Undefined Weak Reference
    _init_user_alloc                          - Undefined Weak Reference
    _initio                                   - Undefined Weak Reference
    _mutex_acquire                            - Undefined Weak Reference
    _mutex_release                            - Undefined Weak Reference
    _printf_mbtowc                            - Undefined Weak Reference
    _printf_truncate_signed                   - Undefined Weak Reference
    _printf_truncate_unsigned                 - Undefined Weak Reference
    _rand_init                                - Undefined Weak Reference
    _signal_finish                            - Undefined Weak Reference
    _signal_init                              - Undefined Weak Reference
    _terminate_alloc                          - Undefined Weak Reference
    _terminate_user_alloc                     - Undefined Weak Reference
    _terminateio                              - Undefined Weak Reference
    __Vectors_Size                           0x00000188   Number         0  startup_stm32f40_41xxx.o ABSOLUTE
    __Vectors                                0x08000000   Data           4  startup_stm32f40_41xxx.o(RESET)
    __Vectors_End                            0x08000188   Data           0  startup_stm32f40_41xxx.o(RESET)
    __main                                   0x08000189   Thumb Code     8  __main.o(!!!main)
    __scatterload                            0x08000191   Thumb Code     0  __scatter.o(!!!scatter)
    __scatterload_rt2                        0x08000191   Thumb Code    44  __scatter.o(!!!scatter)
    __scatterload_rt2_thumb_only             0x08000191   Thumb Code     0  __scatter.o(!!!scatter)
    __scatterload_null                       0x0800019f   Thumb Code     0  __scatter.o(!!!scatter)
    __scatterload_copy                       0x080001c5   Thumb Code    26  __scatter_copy.o(!!handler_copy)
    __scatterload_zeroinit                   0x080001e1   Thumb Code    28  __scatter_zi.o(!!handler_zi)
    _printf_d                                0x080001fd   Thumb Code     0  _printf_d.o(.ARM.Collect$$_printf_percent$$00000009)
    _printf_percent                          0x080001fd   Thumb Code     0  _printf_percent.o(.ARM.Collect$$_printf_percent$$00000000)
    _printf_x                                0x08000203   Thumb Code     0  _printf_x.o(.ARM.Collect$$_printf_percent$$0000000C)
    _printf_s                                0x08000209   Thumb Code     0  _printf_s.o(.ARM.Collect$$_printf_percent$$00000014)
    _printf_percent_end                      0x0800020f   Thumb Code     0  _printf_percent_end.o(.ARM.Collect$$_printf_percent$$00000017)
    __rt_lib_init                            0x08000213   Thumb Code     0  libinit.o(.ARM.Collect$$libinit$$00000000)
    __rt_lib_init_fp_1                       0x08000215   Thumb Code     0  libinit2.o(.ARM.Collect$$libinit$$00000001)
    __rt_lib_init_alloca_1                   0x08000219   Thumb Code     0  libinit2.o(.ARM.Collect$$libinit$$0000002E)
    __rt_lib_init_argv_1                     0x08000219   Thumb Code     0  libinit2.o(.ARM.Collect$$libinit$$0000002C)
    __rt_lib_init_atexit_1                   0x08000219   Thumb Code     0  libinit2.o(.ARM.Collect$$libinit$$0000001B)
    __rt_lib_init_clock_1                    0x08000219   Thumb Code     0  libinit2.o(.ARM.Collect$$libinit$$00000021)
    __rt_lib_init_cpp_1                      0x08000219   Thumb Code     0  libinit2.o(.ARM.Collect$$libinit$$00000032)
    __rt_lib_init_exceptions_1               0x08000219   Thumb Code     0  libinit2.o(.ARM.Collect$$libinit$$00000030)
    __rt_lib_init_fp_trap_1                  0x08000219   Thumb Code     0  libinit2.o(.ARM.Collect$$libinit$$0000001F)
    __rt_lib_init_getenv_1                   0x08000219   Thumb Code     0  libinit2.o(.ARM.Collect$$libinit$$00000023)
    __rt_lib_init_heap_1                     0x08000219   Thumb Code     0  libinit2.o(.ARM.Collect$$libinit$$0000000A)
    __rt_lib_init_lc_collate_1               0x08000219   Thumb Code     0  libinit2.o(.ARM.Collect$$libinit$$00000011)
    __rt_lib_init_lc_ctype_1                 0x08000219   Thumb Code     0  libinit2.o(.ARM.Collect$$libinit$$00000013)
    __rt_lib_init_lc_monetary_1              0x08000219   Thumb Code     0  libinit2.o(.ARM.Collect$$libinit$$00000015)
    __rt_lib_init_lc_numeric_1               0x08000219   Thumb Code     0  libinit2.o(.ARM.Collect$$libinit$$00000017)
    __rt_lib_init_lc_time_1                  0x08000219   Thumb Code     0  libinit2.o(.ARM.Collect$$libinit$$00000019)
    __rt_lib_init_preinit_1                  0x08000219   Thumb Code     0  libinit2.o(.ARM.Collect$$libinit$$00000004)
    __rt_lib_init_rand_1                     0x08000219   Thumb Code     0  libinit2.o(.ARM.Collect$$libinit$$0000000E)
    __rt_lib_init_return                     0x08000219   Thumb Code     0  libinit2.o(.ARM.Collect$$libinit$$00000033)
    __rt_lib_init_signal_1                   0x08000219   Thumb Code     0  libinit2.o(.ARM.Collect$$libinit$$0000001D)
    __rt_lib_init_stdio_1                    0x08000219   Thumb Code     0  libinit2.o(.ARM.Collect$$libinit$$00000025)
    __rt_lib_init_user_alloc_1               0x08000219   Thumb Code     0  libinit2.o(.ARM.Collect$$libinit$$0000000C)
    __rt_lib_shutdown                        0x0800021b   Thumb Code     0  libshutdown.o(.ARM.Collect$$libshutdown$$00000000)
    __rt_lib_shutdown_fp_trap_1              0x0800021d   Thumb Code     0  libshutdown2.o(.ARM.Collect$$libshutdown$$00000006)
    __rt_lib_shutdown_heap_1                 0x0800021d   Thumb Code     0  libshutdown2.o(.ARM.Collect$$libshutdown$$0000000E)
    __rt_lib_shutdown_return                 0x0800021d   Thumb Code     0  libshutdown2.o(.ARM.Collect$$libshutdown$$0000000F)
    __rt_lib_shutdown_signal_1               0x0800021d   Thumb Code     0  libshutdown2.o(.ARM.Collect$$libshutdown$$00000009)
    __rt_lib_shutdown_stdio_1                0x0800021d   Thumb Code     0  libshutdown2.o(.ARM.Collect$$libshutdown$$00000003)
    __rt_lib_shutdown_user_alloc_1           0x0800021d   Thumb Code     0  libshutdown2.o(.ARM.Collect$$libshutdown$$0000000B)
    __rt_entry                               0x0800021f   Thumb Code     0  __rtentry.o(.ARM.Collect$$rtentry$$00000000)
    __rt_entry_presh_1                       0x0800021f   Thumb Code     0  __rtentry2.o(.ARM.Collect$$rtentry$$00000002)
    __rt_entry_sh                            0x0800021f   Thumb Code     0  __rtentry4.o(.ARM.Collect$$rtentry$$00000004)
    __rt_entry_li                            0x08000225   Thumb Code     0  __rtentry2.o(.ARM.Collect$$rtentry$$0000000A)
    __rt_entry_postsh_1                      0x08000225   Thumb Code     0  __rtentry2.o(.ARM.Collect$$rtentry$$00000009)
    __rt_entry_main                          0x08000229   Thumb Code     0  __rtentry2.o(.ARM.Collect$$rtentry$$0000000D)
    __rt_entry_postli_1                      0x08000229   Thumb Code     0  __rtentry2.o(.ARM.Collect$$rtentry$$0000000C)
    __rt_exit                                0x08000231   Thumb Code     0  rtexit.o(.ARM.Collect$$rtexit$$00000000)
    __rt_exit_ls                             0x08000233   Thumb Code     0  rtexit2.o(.ARM.Collect$$rtexit$$00000003)
    __rt_exit_prels_1                        0x08000233   Thumb Code     0  rtexit2.o(.ARM.Collect$$rtexit$$00000002)
    __rt_exit_exit                           0x08000237   Thumb Code     0  rtexit2.o(.ARM.Collect$$rtexit$$00000004)
    USBH_HID_Reconnect                       0x0800023d   Thumb Code   132  main.o(.text)
    ttl_init                                 0x080002c1   Thumb Code    60  main.o(.text)
    main                                     0x080002fd   Thumb Code   102  main.o(.text)
    NMI_Handler                              0x08000385   Thumb Code     2  stm32f4xx_it.o(.text)
    HardFault_Handler                        0x08000387   Thumb Code     4  stm32f4xx_it.o(.text)
    MemManage_Handler                        0x0800038b   Thumb Code     4  stm32f4xx_it.o(.text)
    BusFault_Handler                         0x0800038f   Thumb Code     4  stm32f4xx_it.o(.text)
    UsageFault_Handler                       0x08000393   Thumb Code     4  stm32f4xx_it.o(.text)
    SVC_Handler                              0x08000397   Thumb Code     2  stm32f4xx_it.o(.text)
    DebugMon_Handler                         0x08000399   Thumb Code     2  stm32f4xx_it.o(.text)
    PendSV_Handler                           0x0800039b   Thumb Code     2  stm32f4xx_it.o(.text)
    SysTick_Handler                          0x0800039d   Thumb Code     2  stm32f4xx_it.o(.text)
    SystemInit                               0x0800047d   Thumb Code    88  system_stm32f4xx.o(.text)
    SystemCoreClockUpdate                    0x080004d5   Thumb Code   174  system_stm32f4xx.o(.text)
    delay_init                               0x080005b1   Thumb Code    52  delay.o(.text)
    delay_us                                 0x080005e5   Thumb Code    72  delay.o(.text)
    delay_xms                                0x0800062d   Thumb Code    72  delay.o(.text)
    delay_ms                                 0x08000675   Thumb Code    56  delay.o(.text)
    _sys_exit                                0x080006b5   Thumb Code     4  usart.o(.text)
    fputc                                    0x080006b9   Thumb Code    22  usart.o(.text)
    uart_init                                0x080006cf   Thumb Code   164  usart.o(.text)
    USART1_IRQHandler                        0x08000773   Thumb Code   122  usart.o(.text)
    Reset_Handler                            0x080007fd   Thumb Code     8  startup_stm32f40_41xxx.o(.text)
    ADC_IRQHandler                           0x08000817   Thumb Code     0  startup_stm32f40_41xxx.o(.text)
    CAN1_RX0_IRQHandler                      0x08000817   Thumb Code     0  startup_stm32f40_41xxx.o(.text)
    CAN1_RX1_IRQHandler                      0x08000817   Thumb Code     0  startup_stm32f40_41xxx.o(.text)
    CAN1_SCE_IRQHandler                      0x08000817   Thumb Code     0  startup_stm32f40_41xxx.o(.text)
    CAN1_TX_IRQHandler                       0x08000817   Thumb Code     0  startup_stm32f40_41xxx.o(.text)
    CAN2_RX0_IRQHandler                      0x08000817   Thumb Code     0  startup_stm32f40_41xxx.o(.text)
    CAN2_RX1_IRQHandler                      0x08000817   Thumb Code     0  startup_stm32f40_41xxx.o(.text)
    CAN2_SCE_IRQHandler                      0x08000817   Thumb Code     0  startup_stm32f40_41xxx.o(.text)
    CAN2_TX_IRQHandler                       0x08000817   Thumb Code     0  startup_stm32f40_41xxx.o(.text)
    CRYP_IRQHandler                          0x08000817   Thumb Code     0  startup_stm32f40_41xxx.o(.text)
    DCMI_IRQHandler                          0x08000817   Thumb Code     0  startup_stm32f40_41xxx.o(.text)
    DMA1_Stream0_IRQHandler                  0x08000817   Thumb Code     0  startup_stm32f40_41xxx.o(.text)
    DMA1_Stream1_IRQHandler                  0x08000817   Thumb Code     0  startup_stm32f40_41xxx.o(.text)
    DMA1_Stream2_IRQHandler                  0x08000817   Thumb Code     0  startup_stm32f40_41xxx.o(.text)
    DMA1_Stream3_IRQHandler                  0x08000817   Thumb Code     0  startup_stm32f40_41xxx.o(.text)
    DMA1_Stream4_IRQHandler                  0x08000817   Thumb Code     0  startup_stm32f40_41xxx.o(.text)
    DMA1_Stream5_IRQHandler                  0x08000817   Thumb Code     0  startup_stm32f40_41xxx.o(.text)
    DMA1_Stream6_IRQHandler                  0x08000817   Thumb Code     0  startup_stm32f40_41xxx.o(.text)
    DMA1_Stream7_IRQHandler                  0x08000817   Thumb Code     0  startup_stm32f40_41xxx.o(.text)
    DMA2_Stream0_IRQHandler                  0x08000817   Thumb Code     0  startup_stm32f40_41xxx.o(.text)
    DMA2_Stream1_IRQHandler                  0x08000817   Thumb Code     0  startup_stm32f40_41xxx.o(.text)
    DMA2_Stream2_IRQHandler                  0x08000817   Thumb Code     0  startup_stm32f40_41xxx.o(.text)
    DMA2_Stream3_IRQHandler                  0x08000817   Thumb Code     0  startup_stm32f40_41xxx.o(.text)
    DMA2_Stream4_IRQHandler                  0x08000817   Thumb Code     0  startup_stm32f40_41xxx.o(.text)
    DMA2_Stream5_IRQHandler                  0x08000817   Thumb Code     0  startup_stm32f40_41xxx.o(.text)
    DMA2_Stream6_IRQHandler                  0x08000817   Thumb Code     0  startup_stm32f40_41xxx.o(.text)
    DMA2_Stream7_IRQHandler                  0x08000817   Thumb Code     0  startup_stm32f40_41xxx.o(.text)
    ETH_IRQHandler                           0x08000817   Thumb Code     0  startup_stm32f40_41xxx.o(.text)
    ETH_WKUP_IRQHandler                      0x08000817   Thumb Code     0  startup_stm32f40_41xxx.o(.text)
    EXTI0_IRQHandler                         0x08000817   Thumb Code     0  startup_stm32f40_41xxx.o(.text)
    EXTI15_10_IRQHandler                     0x08000817   Thumb Code     0  startup_stm32f40_41xxx.o(.text)
    EXTI1_IRQHandler                         0x08000817   Thumb Code     0  startup_stm32f40_41xxx.o(.text)
    EXTI2_IRQHandler                         0x08000817   Thumb Code     0  startup_stm32f40_41xxx.o(.text)
    EXTI3_IRQHandler                         0x08000817   Thumb Code     0  startup_stm32f40_41xxx.o(.text)
    EXTI4_IRQHandler                         0x08000817   Thumb Code     0  startup_stm32f40_41xxx.o(.text)
    EXTI9_5_IRQHandler                       0x08000817   Thumb Code     0  startup_stm32f40_41xxx.o(.text)
    FLASH_IRQHandler                         0x08000817   Thumb Code     0  startup_stm32f40_41xxx.o(.text)
    FPU_IRQHandler                           0x08000817   Thumb Code     0  startup_stm32f40_41xxx.o(.text)
    FSMC_IRQHandler                          0x08000817   Thumb Code     0  startup_stm32f40_41xxx.o(.text)
    HASH_RNG_IRQHandler                      0x08000817   Thumb Code     0  startup_stm32f40_41xxx.o(.text)
    I2C1_ER_IRQHandler                       0x08000817   Thumb Code     0  startup_stm32f40_41xxx.o(.text)
    I2C1_EV_IRQHandler                       0x08000817   Thumb Code     0  startup_stm32f40_41xxx.o(.text)
    I2C2_ER_IRQHandler                       0x08000817   Thumb Code     0  startup_stm32f40_41xxx.o(.text)
    I2C2_EV_IRQHandler                       0x08000817   Thumb Code     0  startup_stm32f40_41xxx.o(.text)
    I2C3_ER_IRQHandler                       0x08000817   Thumb Code     0  startup_stm32f40_41xxx.o(.text)
    I2C3_EV_IRQHandler                       0x08000817   Thumb Code     0  startup_stm32f40_41xxx.o(.text)
    OTG_FS_WKUP_IRQHandler                   0x08000817   Thumb Code     0  startup_stm32f40_41xxx.o(.text)
    OTG_HS_EP1_IN_IRQHandler                 0x08000817   Thumb Code     0  startup_stm32f40_41xxx.o(.text)
    OTG_HS_EP1_OUT_IRQHandler                0x08000817   Thumb Code     0  startup_stm32f40_41xxx.o(.text)
    OTG_HS_IRQHandler                        0x08000817   Thumb Code     0  startup_stm32f40_41xxx.o(.text)
    OTG_HS_WKUP_IRQHandler                   0x08000817   Thumb Code     0  startup_stm32f40_41xxx.o(.text)
    PVD_IRQHandler                           0x08000817   Thumb Code     0  startup_stm32f40_41xxx.o(.text)
    RCC_IRQHandler                           0x08000817   Thumb Code     0  startup_stm32f40_41xxx.o(.text)
    RTC_Alarm_IRQHandler                     0x08000817   Thumb Code     0  startup_stm32f40_41xxx.o(.text)
    RTC_WKUP_IRQHandler                      0x08000817   Thumb Code     0  startup_stm32f40_41xxx.o(.text)
    SDIO_IRQHandler                          0x08000817   Thumb Code     0  startup_stm32f40_41xxx.o(.text)
    SPI1_IRQHandler                          0x08000817   Thumb Code     0  startup_stm32f40_41xxx.o(.text)
    SPI2_IRQHandler                          0x08000817   Thumb Code     0  startup_stm32f40_41xxx.o(.text)
    SPI3_IRQHandler                          0x08000817   Thumb Code     0  startup_stm32f40_41xxx.o(.text)
    TAMP_STAMP_IRQHandler                    0x08000817   Thumb Code     0  startup_stm32f40_41xxx.o(.text)
    TIM1_BRK_TIM9_IRQHandler                 0x08000817   Thumb Code     0  startup_stm32f40_41xxx.o(.text)
    TIM1_CC_IRQHandler                       0x08000817   Thumb Code     0  startup_stm32f40_41xxx.o(.text)
    TIM1_TRG_COM_TIM11_IRQHandler            0x08000817   Thumb Code     0  startup_stm32f40_41xxx.o(.text)
    TIM1_UP_TIM10_IRQHandler                 0x08000817   Thumb Code     0  startup_stm32f40_41xxx.o(.text)
    TIM2_IRQHandler                          0x08000817   Thumb Code     0  startup_stm32f40_41xxx.o(.text)
    TIM3_IRQHandler                          0x08000817   Thumb Code     0  startup_stm32f40_41xxx.o(.text)
    TIM4_IRQHandler                          0x08000817   Thumb Code     0  startup_stm32f40_41xxx.o(.text)
    TIM5_IRQHandler                          0x08000817   Thumb Code     0  startup_stm32f40_41xxx.o(.text)
    TIM6_DAC_IRQHandler                      0x08000817   Thumb Code     0  startup_stm32f40_41xxx.o(.text)
    TIM7_IRQHandler                          0x08000817   Thumb Code     0  startup_stm32f40_41xxx.o(.text)
    TIM8_BRK_TIM12_IRQHandler                0x08000817   Thumb Code     0  startup_stm32f40_41xxx.o(.text)
    TIM8_CC_IRQHandler                       0x08000817   Thumb Code     0  startup_stm32f40_41xxx.o(.text)
    TIM8_TRG_COM_TIM14_IRQHandler            0x08000817   Thumb Code     0  startup_stm32f40_41xxx.o(.text)
    TIM8_UP_TIM13_IRQHandler                 0x08000817   Thumb Code     0  startup_stm32f40_41xxx.o(.text)
    UART4_IRQHandler                         0x08000817   Thumb Code     0  startup_stm32f40_41xxx.o(.text)
    UART5_IRQHandler                         0x08000817   Thumb Code     0  startup_stm32f40_41xxx.o(.text)
    USART2_IRQHandler                        0x08000817   Thumb Code     0  startup_stm32f40_41xxx.o(.text)
    USART3_IRQHandler                        0x08000817   Thumb Code     0  startup_stm32f40_41xxx.o(.text)
    USART6_IRQHandler                        0x08000817   Thumb Code     0  startup_stm32f40_41xxx.o(.text)
    WWDG_IRQHandler                          0x08000817   Thumb Code     0  startup_stm32f40_41xxx.o(.text)
    __user_initial_stackheap                 0x08000819   Thumb Code     0  startup_stm32f40_41xxx.o(.text)
    NVIC_PriorityGroupConfig                 0x0800083d   Thumb Code    10  misc.o(.text)
    NVIC_Init                                0x08000847   Thumb Code   106  misc.o(.text)
    NVIC_SetVectorTable                      0x080008b1   Thumb Code    14  misc.o(.text)
    NVIC_SystemLPConfig                      0x080008bf   Thumb Code    34  misc.o(.text)
    SysTick_CLKSourceConfig                  0x080008e1   Thumb Code    40  misc.o(.text)
    GPIO_DeInit                              0x0800091d   Thumb Code   268  stm32f4xx_gpio.o(.text)
    GPIO_Init                                0x08000a29   Thumb Code   144  stm32f4xx_gpio.o(.text)
    GPIO_StructInit                          0x08000ab9   Thumb Code    18  stm32f4xx_gpio.o(.text)
    GPIO_PinLockConfig                       0x08000acb   Thumb Code    34  stm32f4xx_gpio.o(.text)
    GPIO_ReadInputDataBit                    0x08000aed   Thumb Code    18  stm32f4xx_gpio.o(.text)
    GPIO_ReadInputData                       0x08000aff   Thumb Code     8  stm32f4xx_gpio.o(.text)
    GPIO_ReadOutputDataBit                   0x08000b07   Thumb Code    18  stm32f4xx_gpio.o(.text)
    GPIO_ReadOutputData                      0x08000b19   Thumb Code     8  stm32f4xx_gpio.o(.text)
    GPIO_SetBits                             0x08000b21   Thumb Code     4  stm32f4xx_gpio.o(.text)
    GPIO_ResetBits                           0x08000b25   Thumb Code     4  stm32f4xx_gpio.o(.text)
    GPIO_WriteBit                            0x08000b29   Thumb Code    10  stm32f4xx_gpio.o(.text)
    GPIO_Write                               0x08000b33   Thumb Code     4  stm32f4xx_gpio.o(.text)
    GPIO_ToggleBits                          0x08000b37   Thumb Code     8  stm32f4xx_gpio.o(.text)
    GPIO_PinAFConfig                         0x08000b3f   Thumb Code    70  stm32f4xx_gpio.o(.text)
    RCC_DeInit                               0x08000bb1   Thumb Code    82  stm32f4xx_rcc.o(.text)
    RCC_HSEConfig                            0x08000c03   Thumb Code    14  stm32f4xx_rcc.o(.text)
    RCC_GetFlagStatus                        0x08000c11   Thumb Code    60  stm32f4xx_rcc.o(.text)
    RCC_WaitForHSEStartUp                    0x08000c4d   Thumb Code    56  stm32f4xx_rcc.o(.text)
    RCC_AdjustHSICalibrationValue            0x08000c85   Thumb Code    20  stm32f4xx_rcc.o(.text)
    RCC_HSICmd                               0x08000c99   Thumb Code     6  stm32f4xx_rcc.o(.text)
    RCC_LSEConfig                            0x08000c9f   Thumb Code    46  stm32f4xx_rcc.o(.text)
    RCC_LSICmd                               0x08000ccd   Thumb Code     6  stm32f4xx_rcc.o(.text)
    RCC_PLLConfig                            0x08000cd3   Thumb Code    32  stm32f4xx_rcc.o(.text)
    RCC_PLLCmd                               0x08000cf3   Thumb Code     6  stm32f4xx_rcc.o(.text)
    RCC_PLLI2SConfig                         0x08000cf9   Thumb Code    14  stm32f4xx_rcc.o(.text)
    RCC_PLLI2SCmd                            0x08000d07   Thumb Code     6  stm32f4xx_rcc.o(.text)
    RCC_PLLSAIConfig                         0x08000d0d   Thumb Code    20  stm32f4xx_rcc.o(.text)
    RCC_PLLSAICmd                            0x08000d21   Thumb Code     6  stm32f4xx_rcc.o(.text)
    RCC_ClockSecuritySystemCmd               0x08000d27   Thumb Code     6  stm32f4xx_rcc.o(.text)
    RCC_MCO1Config                           0x08000d2d   Thumb Code    28  stm32f4xx_rcc.o(.text)
    RCC_MCO2Config                           0x08000d49   Thumb Code    28  stm32f4xx_rcc.o(.text)
    RCC_SYSCLKConfig                         0x08000d65   Thumb Code    20  stm32f4xx_rcc.o(.text)
    RCC_GetSYSCLKSource                      0x08000d79   Thumb Code    12  stm32f4xx_rcc.o(.text)
    RCC_HCLKConfig                           0x08000d85   Thumb Code    20  stm32f4xx_rcc.o(.text)
    RCC_PCLK1Config                          0x08000d99   Thumb Code    20  stm32f4xx_rcc.o(.text)
    RCC_PCLK2Config                          0x08000dad   Thumb Code    22  stm32f4xx_rcc.o(.text)
    RCC_GetClocksFreq                        0x08000dc3   Thumb Code   222  stm32f4xx_rcc.o(.text)
    RCC_RTCCLKConfig                         0x08000ea1   Thumb Code    54  stm32f4xx_rcc.o(.text)
    RCC_RTCCLKCmd                            0x08000ed7   Thumb Code     8  stm32f4xx_rcc.o(.text)
    RCC_BackupResetCmd                       0x08000edf   Thumb Code     8  stm32f4xx_rcc.o(.text)
    RCC_I2SCLKConfig                         0x08000ee7   Thumb Code     6  stm32f4xx_rcc.o(.text)
    RCC_SAIPLLI2SClkDivConfig                0x08000eed   Thumb Code    26  stm32f4xx_rcc.o(.text)
    RCC_SAIPLLSAIClkDivConfig                0x08000f07   Thumb Code    28  stm32f4xx_rcc.o(.text)
    RCC_SAIBlockACLKConfig                   0x08000f23   Thumb Code    20  stm32f4xx_rcc.o(.text)
    RCC_SAIBlockBCLKConfig                   0x08000f37   Thumb Code    20  stm32f4xx_rcc.o(.text)
    RCC_LTDCCLKDivConfig                     0x08000f4b   Thumb Code    20  stm32f4xx_rcc.o(.text)
    RCC_TIMCLKPresConfig                     0x08000f5f   Thumb Code     6  stm32f4xx_rcc.o(.text)
    RCC_AHB1PeriphClockCmd                   0x08000f65   Thumb Code    34  stm32f4xx_rcc.o(.text)
    RCC_AHB2PeriphClockCmd                   0x08000f87   Thumb Code    78  stm32f4xx_rcc.o(.text)
    RCC_AHB3PeriphClockCmd                   0x08000fd5   Thumb Code    34  stm32f4xx_rcc.o(.text)
    RCC_APB1PeriphClockCmd                   0x08000ff7   Thumb Code    34  stm32f4xx_rcc.o(.text)
    RCC_APB2PeriphClockCmd                   0x08001019   Thumb Code    34  stm32f4xx_rcc.o(.text)
    RCC_AHB1PeriphResetCmd                   0x0800103b   Thumb Code    34  stm32f4xx_rcc.o(.text)
    RCC_AHB2PeriphResetCmd                   0x0800105d   Thumb Code    34  stm32f4xx_rcc.o(.text)
    RCC_AHB3PeriphResetCmd                   0x0800107f   Thumb Code    34  stm32f4xx_rcc.o(.text)
    RCC_APB1PeriphResetCmd                   0x080010a1   Thumb Code    34  stm32f4xx_rcc.o(.text)
    RCC_APB2PeriphResetCmd                   0x080010c3   Thumb Code    34  stm32f4xx_rcc.o(.text)
    RCC_AHB1PeriphClockLPModeCmd             0x080010e5   Thumb Code    34  stm32f4xx_rcc.o(.text)
    RCC_AHB2PeriphClockLPModeCmd             0x08001107   Thumb Code    34  stm32f4xx_rcc.o(.text)
    RCC_AHB3PeriphClockLPModeCmd             0x08001129   Thumb Code    34  stm32f4xx_rcc.o(.text)
    RCC_APB1PeriphClockLPModeCmd             0x0800114b   Thumb Code    34  stm32f4xx_rcc.o(.text)
    RCC_APB2PeriphClockLPModeCmd             0x0800116d   Thumb Code    34  stm32f4xx_rcc.o(.text)
    RCC_LSEModeConfig                        0x0800118f   Thumb Code    40  stm32f4xx_rcc.o(.text)
    RCC_ITConfig                             0x080011b7   Thumb Code    34  stm32f4xx_rcc.o(.text)
    RCC_ClearFlag                            0x080011d9   Thumb Code    18  stm32f4xx_rcc.o(.text)
    RCC_GetITStatus                          0x080011eb   Thumb Code    22  stm32f4xx_rcc.o(.text)
    RCC_ClearITPendingBit                    0x08001201   Thumb Code     8  stm32f4xx_rcc.o(.text)
    USART_DeInit                             0x0800120d   Thumb Code   206  stm32f4xx_usart.o(.text)
    USART_Init                               0x080012db   Thumb Code   204  stm32f4xx_usart.o(.text)
    USART_StructInit                         0x080013a7   Thumb Code    24  stm32f4xx_usart.o(.text)
    USART_ClockInit                          0x080013bf   Thumb Code    32  stm32f4xx_usart.o(.text)
    USART_ClockStructInit                    0x080013df   Thumb Code    12  stm32f4xx_usart.o(.text)
    USART_Cmd                                0x080013eb   Thumb Code    24  stm32f4xx_usart.o(.text)
    USART_SetPrescaler                       0x08001403   Thumb Code    16  stm32f4xx_usart.o(.text)
    USART_OverSampling8Cmd                   0x08001413   Thumb Code    22  stm32f4xx_usart.o(.text)
    USART_OneBitMethodCmd                    0x08001429   Thumb Code    24  stm32f4xx_usart.o(.text)
    USART_SendData                           0x08001441   Thumb Code     8  stm32f4xx_usart.o(.text)
    USART_ReceiveData                        0x08001449   Thumb Code    10  stm32f4xx_usart.o(.text)
    USART_SetAddress                         0x08001453   Thumb Code    18  stm32f4xx_usart.o(.text)
    USART_ReceiverWakeUpCmd                  0x08001465   Thumb Code    24  stm32f4xx_usart.o(.text)
    USART_WakeUpConfig                       0x0800147d   Thumb Code    18  stm32f4xx_usart.o(.text)
    USART_LINBreakDetectLengthConfig         0x0800148f   Thumb Code    18  stm32f4xx_usart.o(.text)
    USART_LINCmd                             0x080014a1   Thumb Code    24  stm32f4xx_usart.o(.text)
    USART_SendBreak                          0x080014b9   Thumb Code    10  stm32f4xx_usart.o(.text)
    USART_HalfDuplexCmd                      0x080014c3   Thumb Code    24  stm32f4xx_usart.o(.text)
    USART_SetGuardTime                       0x080014db   Thumb Code    16  stm32f4xx_usart.o(.text)
    USART_SmartCardCmd                       0x080014eb   Thumb Code    24  stm32f4xx_usart.o(.text)
    USART_SmartCardNACKCmd                   0x08001503   Thumb Code    24  stm32f4xx_usart.o(.text)
    USART_IrDAConfig                         0x0800151b   Thumb Code    18  stm32f4xx_usart.o(.text)
    USART_IrDACmd                            0x0800152d   Thumb Code    24  stm32f4xx_usart.o(.text)
    USART_DMACmd                             0x08001545   Thumb Code    18  stm32f4xx_usart.o(.text)
    USART_ITConfig                           0x08001557   Thumb Code    74  stm32f4xx_usart.o(.text)
    USART_GetFlagStatus                      0x080015a1   Thumb Code    26  stm32f4xx_usart.o(.text)
    USART_ClearFlag                          0x080015bb   Thumb Code    18  stm32f4xx_usart.o(.text)
    USART_GetITStatus                        0x080015cd   Thumb Code   118  stm32f4xx_usart.o(.text)
    USART_ClearITPendingBit                  0x08001643   Thumb Code    30  stm32f4xx_usart.o(.text)
    USB_OTG_WritePacket                      0x08001701   Thumb Code    64  usb_core.o(.text)
    USB_OTG_ReadPacket                       0x08001741   Thumb Code    40  usb_core.o(.text)
    USB_OTG_SelectCore                       0x08001769   Thumb Code   204  usb_core.o(.text)
    USB_OTG_CoreInit                         0x08001835   Thumb Code   294  usb_core.o(.text)
    USB_OTG_EnableGlobalInt                  0x0800195b   Thumb Code    34  usb_core.o(.text)
    USB_OTG_DisableGlobalInt                 0x0800197d   Thumb Code    34  usb_core.o(.text)
    USB_OTG_FlushTxFifo                      0x0800199f   Thumb Code    80  usb_core.o(.text)
    USB_OTG_FlushRxFifo                      0x080019ef   Thumb Code    70  usb_core.o(.text)
    USB_OTG_SetCurrentMode                   0x08001a35   Thumb Code    78  usb_core.o(.text)
    USB_OTG_GetMode                          0x08001a83   Thumb Code    22  usb_core.o(.text)
    USB_OTG_IsDeviceMode                     0x08001a99   Thumb Code    22  usb_core.o(.text)
    USB_OTG_IsHostMode                       0x08001aaf   Thumb Code    20  usb_core.o(.text)
    USB_OTG_ReadCoreItr                      0x08001ac3   Thumb Code    16  usb_core.o(.text)
    USB_OTG_ReadOtgItr                       0x08001ad3   Thumb Code     8  usb_core.o(.text)
    USB_OTG_EnableHostInt                    0x08001adb   Thumb Code   116  usb_core.o(.text)
    USB_OTG_ReadHPRT0                        0x08001b4f   Thumb Code    48  usb_core.o(.text)
    USB_OTG_DriveVbus                        0x08001b7f   Thumb Code    92  usb_core.o(.text)
    USB_OTG_ResetPort                        0x08001bdb   Thumb Code    64  usb_core.o(.text)
    USB_OTG_InitFSLSPClkSel                  0x08001c1b   Thumb Code    24  usb_core.o(.text)
    USB_OTG_CoreInitHost                     0x08001c33   Thumb Code   214  usb_core.o(.text)
    USB_OTG_IsEvenFrame                      0x08001d09   Thumb Code    16  usb_core.o(.text)
    USB_OTG_ReadHostAllChannels_intr         0x08001d19   Thumb Code     8  usb_core.o(.text)
    USB_OTG_HC_Init                          0x08001d21   Thumb Code   568  usb_core.o(.text)
    USB_OTG_HC_StartXfer                     0x08001f59   Thumb Code   502  usb_core.o(.text)
    USB_OTG_HC_Halt                          0x0800214f   Thumb Code   130  usb_core.o(.text)
    USB_OTG_HC_DoPing                        0x080021d1   Thumb Code    90  usb_core.o(.text)
    USB_OTG_StopHost                         0x0800222b   Thumb Code    96  usb_core.o(.text)
    HCD_Init                                 0x0800228b   Thumb Code    96  usb_hcd.o(.text)
    HCD_GetCurrentSpeed                      0x080022eb   Thumb Code    20  usb_hcd.o(.text)
    HCD_ResetPort                            0x080022ff   Thumb Code    14  usb_hcd.o(.text)
    HCD_IsDeviceConnected                    0x0800230d   Thumb Code     8  usb_hcd.o(.text)
    HCD_GetCurrentFrame                      0x08002315   Thumb Code    10  usb_hcd.o(.text)
    HCD_GetURB_State                         0x0800231f   Thumb Code    10  usb_hcd.o(.text)
    HCD_GetXferCnt                           0x08002329   Thumb Code    12  usb_hcd.o(.text)
    HCD_GetHCState                           0x08002335   Thumb Code    10  usb_hcd.o(.text)
    HCD_HC_Init                              0x0800233f   Thumb Code    16  usb_hcd.o(.text)
    HCD_SubmitRequest                        0x0800234f   Thumb Code    32  usb_hcd.o(.text)
    USBH_OTG_ISR_Handler                     0x08003137   Thumb Code   168  usb_hcd_int.o(.text)
    USBH_Connected                           0x080031e5   Thumb Code    12  usbh_core.o(.text)
    USBH_Disconnected                        0x080031f1   Thumb Code    12  usbh_core.o(.text)
    USBH_SOF                                 0x080031fd   Thumb Code     6  usbh_core.o(.text)
    USBH_DeInit                              0x08003203   Thumb Code    58  usbh_core.o(.text)
    USBH_Init                                0x0800323d   Thumb Code    68  usbh_core.o(.text)
    USBH_HandleControl                       0x08003281   Thumb Code   544  usbh_core.o(.text)
    USBH_ErrorHandle                         0x080034a1   Thumb Code    46  usbh_core.o(.text)
    USBH_Process                             0x080036a7   Thumb Code   420  usbh_core.o(.text)
    USBH_Open_Channel                        0x0800384b   Thumb Code   154  usbh_hcs.o(.text)
    USBH_Modify_Channel                      0x080038e5   Thumb Code   100  usbh_hcs.o(.text)
    USBH_Alloc_Channel                       0x08003971   Thumb Code    38  usbh_hcs.o(.text)
    USBH_Free_Channel                        0x08003997   Thumb Code    30  usbh_hcs.o(.text)
    USBH_DeAllocate_AllChannel               0x080039b5   Thumb Code    28  usbh_hcs.o(.text)
    USBH_CtlReq                              0x080039e9   Thumb Code   100  usbh_ioreq.o(.text)
    USBH_CtlSendSetup                        0x08003a4d   Thumb Code    66  usbh_ioreq.o(.text)
    USBH_CtlSendData                         0x08003a8f   Thumb Code   110  usbh_ioreq.o(.text)
    USBH_CtlReceiveData                      0x08003afd   Thumb Code    70  usbh_ioreq.o(.text)
    USBH_BulkSendData                        0x08003b43   Thumb Code    94  usbh_ioreq.o(.text)
    USBH_BulkReceiveData                     0x08003ba1   Thumb Code    96  usbh_ioreq.o(.text)
    USBH_InterruptReceiveData                0x08003c01   Thumb Code   120  usbh_ioreq.o(.text)
    USBH_InterruptSendData                   0x08003c79   Thumb Code   118  usbh_ioreq.o(.text)
    USBH_IsocReceiveData                     0x08003cef   Thumb Code    70  usbh_ioreq.o(.text)
    USBH_IsocSendData                        0x08003d35   Thumb Code    68  usbh_ioreq.o(.text)
    USBH_GetDescriptor                       0x08003dd1   Thumb Code    68  usbh_stdreq.o(.text)
    USBH_Get_DevDesc                         0x08003e15   Thumb Code    56  usbh_stdreq.o(.text)
    USBH_GetNextDesc                         0x08003e93   Thumb Code    18  usbh_stdreq.o(.text)
    USBH_Get_CfgDesc                         0x08003fb7   Thumb Code    88  usbh_stdreq.o(.text)
    USBH_Get_StringDesc                      0x08004045   Thumb Code    60  usbh_stdreq.o(.text)
    USBH_SetAddress                          0x08004081   Thumb Code    38  usbh_stdreq.o(.text)
    USBH_SetCfg                              0x080040a7   Thumb Code    38  usbh_stdreq.o(.text)
    USBH_SetInterface                        0x080040cd   Thumb Code    44  usbh_stdreq.o(.text)
    USBH_ClrFeature                          0x080040f9   Thumb Code    76  usbh_stdreq.o(.text)
    USBH_Set_Report                          0x0800458d   Thumb Code    52  usbh_hid_core.o(.text)
    USB_OTG_BSP_Init                         0x08004781   Thumb Code   112  usb_bsp.o(.text)
    USB_OTG_BSP_EnableInterrupt              0x080047f1   Thumb Code    36  usb_bsp.o(.text)
    USB_OTG_BSP_DisableInterrupt             0x08004815   Thumb Code     2  usb_bsp.o(.text)
    USB_OTG_BSP_DriveVBUS                    0x08004817   Thumb Code     2  usb_bsp.o(.text)
    USB_OTG_BSP_ConfigVBUS                   0x08004819   Thumb Code     2  usb_bsp.o(.text)
    USB_OTG_BSP_uDelay                       0x0800481b   Thumb Code    12  usb_bsp.o(.text)
    USB_OTG_BSP_mDelay                       0x08004827   Thumb Code    12  usb_bsp.o(.text)
    OTG_FS_IRQHandler                        0x0800483d   Thumb Code    10  usbh_usr.o(.text)
    USBH_USR_Init                            0x08004847   Thumb Code    22  usbh_usr.o(.text)
    USBH_USR_DeviceAttached                  0x0800485d   Thumb Code    10  usbh_usr.o(.text)
    USBH_USR_DeviceDisconnected              0x08004867   Thumb Code    16  usbh_usr.o(.text)
    USBH_USR_ResetDevice                     0x08004877   Thumb Code    10  usbh_usr.o(.text)
    USBH_USR_DeviceSpeedDetected             0x08004881   Thumb Code    46  usbh_usr.o(.text)
    USBH_USR_Device_DescAvailable            0x080048af   Thumb Code    24  usbh_usr.o(.text)
    USBH_USR_DeviceAddressAssigned           0x080048c7   Thumb Code    10  usbh_usr.o(.text)
    USBH_USR_Configuration_DescAvailable     0x080048d1   Thumb Code    42  usbh_usr.o(.text)
    USBH_USR_Manufacturer_String             0x080048fb   Thumb Code    14  usbh_usr.o(.text)
    USBH_USR_Product_String                  0x08004909   Thumb Code    14  usbh_usr.o(.text)
    USBH_USR_SerialNum_String                0x08004917   Thumb Code    14  usbh_usr.o(.text)
    USBH_USR_EnumerationDone                 0x08004925   Thumb Code    10  usbh_usr.o(.text)
    USBH_USR_DeviceNotSupported              0x0800492f   Thumb Code     2  usbh_usr.o(.text)
    USBH_USR_UserInput                       0x08004931   Thumb Code    16  usbh_usr.o(.text)
    USBH_USR_OverCurrentDetected             0x08004941   Thumb Code    10  usbh_usr.o(.text)
    USBH_USR_DeInit                          0x0800494b   Thumb Code    10  usbh_usr.o(.text)
    USBH_USR_UnrecoveredError                0x08004955   Thumb Code    10  usbh_usr.o(.text)
    USBH_Check_EnumeDead                     0x0800495f   Thumb Code    80  usbh_usr.o(.text)
    USBH_Check_HIDCommDead                   0x080049af   Thumb Code    24  usbh_usr.o(.text)
    USR_MOUSE_Init                           0x080049c7   Thumb Code     8  usbh_usr.o(.text)
    USR_KEYBRD_Init                          0x080049cf   Thumb Code     8  usbh_usr.o(.text)
    USR_MOUSE_ProcessData                    0x080049d7   Thumb Code   340  usbh_usr.o(.text)
    USR_KEYBRD_ProcessData                   0x08004b2b   Thumb Code   730  usbh_usr.o(.text)
    __use_no_semihosting                     0x08004e0d   Thumb Code     2  use_no_semi_2.o(.text)
    __2printf                                0x08004e11   Thumb Code    20  noretval__2printf.o(.text)
    __2sprintf                               0x08004e29   Thumb Code    34  noretval__2sprintf.o(.text)
    _printf_pre_padding                      0x08004e51   Thumb Code    44  _printf_pad.o(.text)
    _printf_post_padding                     0x08004e7d   Thumb Code    34  _printf_pad.o(.text)
    _printf_str                              0x08004e9f   Thumb Code    82  _printf_str.o(.text)
    _printf_int_dec                          0x08004ef1   Thumb Code   104  _printf_dec.o(.text)
    _printf_int_hex                          0x08004f69   Thumb Code    84  _printf_hex_int.o(.text)
    _printf_longlong_hex                     0x08004f69   Thumb Code     0  _printf_hex_int.o(.text)
    __printf                                 0x08004fc1   Thumb Code   308  __printf_flags_wp.o(.text)
    strcat                                   0x080050f9   Thumb Code    24  strcat.o(.text)
    __aeabi_memclr4                          0x08005111   Thumb Code     0  rt_memclr_w.o(.text)
    __aeabi_memclr8                          0x08005111   Thumb Code     0  rt_memclr_w.o(.text)
    __rt_memclr_w                            0x08005111   Thumb Code    78  rt_memclr_w.o(.text)
    _memset_w                                0x08005115   Thumb Code     0  rt_memclr_w.o(.text)
    __use_two_region_memory                  0x0800515f   Thumb Code     2  heapauxi.o(.text)
    __rt_heap_escrow$2region                 0x08005161   Thumb Code     2  heapauxi.o(.text)
    __rt_heap_expand$2region                 0x08005163   Thumb Code     2  heapauxi.o(.text)
    __I$use$semihosting                      0x08005165   Thumb Code     0  use_no_semi.o(.text)
    __use_no_semihosting_swi                 0x08005165   Thumb Code     2  use_no_semi.o(.text)
    _printf_int_common                       0x08005167   Thumb Code   178  _printf_intcommon.o(.text)
    _printf_char_common                      0x08005223   Thumb Code    32  _printf_char_common.o(.text)
    _sputc                                   0x08005249   Thumb Code    10  _sputc.o(.text)
    _printf_cs_common                        0x08005253   Thumb Code    20  _printf_char.o(.text)
    _printf_char                             0x08005267   Thumb Code    16  _printf_char.o(.text)
    _printf_string                           0x08005277   Thumb Code     8  _printf_char.o(.text)
    _printf_char_file                        0x08005281   Thumb Code    32  _printf_char_file.o(.text)
    ferror                                   0x080052a5   Thumb Code     8  ferror.o(.text)
    __user_setup_stackheap                   0x080052ad   Thumb Code    74  sys_stackheap_outer.o(.text)
    exit                                     0x080052f7   Thumb Code    12  exit.o(.text)
    __user_libspace                          0x08005305   Thumb Code     8  libspace.o(.text)
    __user_perproc_libspace                  0x08005305   Thumb Code     0  libspace.o(.text)
    __user_perthread_libspace                0x08005305   Thumb Code     0  libspace.o(.text)
    _is_digit                                0x0800530d   Thumb Code    14  __printf_wp.o(i._is_digit)
    _fp_init                                 0x0800531b   Thumb Code    10  fpinit.o(x$fpl$fpinit)
    __fplib_config_fpu_vfp                   0x08005323   Thumb Code     0  fpinit.o(x$fpl$fpinit)
    __fplib_config_pureend_doubles           0x08005323   Thumb Code     0  fpinit.o(x$fpl$fpinit)
    Region$$Table$$Base                      0x0800554c   Number         0  anon$$obj.o(Region$$Table)
    Region$$Table$$Limit                     0x0800556c   Number         0  anon$$obj.o(Region$$Table)
    SystemCoreClock                          0x20000000   Data           4  system_stm32f4xx.o(.data)
    AHBPrescTable                            0x20000004   Data          16  system_stm32f4xx.o(.data)
    __stdout                                 0x20000018   Data           4  usart.o(.data)
    USART_RX_STA                             0x2000001c   Data           2  usart.o(.data)
    USBH_HCD_INT_cb                          0x20000030   Data          12  usbh_core.o(.data)
    USBH_HCD_INT_fops                        0x2000003c   Data           4  usbh_core.o(.data)
    HID_Setup                                0x20000048   Data           8  usbh_hid_core.o(.data)
    start_toggle                             0x20000050   Data           1  usbh_hid_core.o(.data)
    HID_cb                                   0x20000054   Data          16  usbh_hid_core.o(.data)
    HID_KEYBRD_cb                            0x20000064   Data           8  usbh_hid_keybd.o(.data)
    HID_MOUSE_Data                           0x20000084   Data           4  usbh_hid_mouse.o(.data)
    HID_MOUSE_cb                             0x20000088   Data           8  usbh_hid_mouse.o(.data)
    bDeviceState                             0x20000090   Data           1  usbh_usr.o(.data)
    i                                        0x20000094   Data           4  usbh_usr.o(.data)
    USB_FIRST_PLUGIN_FLAG                    0x20000098   Data           1  usbh_usr.o(.data)
    USR_Callbacks                            0x2000009c   Data          72  usbh_usr.o(.data)
    USB_Host                                 0x200000f0   Data         132  main.o(.bss)
    USB_OTG_Core_dev                         0x20000174   Data        1452  main.o(.bss)
    USART_RX_BUF                             0x20000720   Data         200  usart.o(.bss)
    USBH_CfgDesc                             0x200007e8   Data         512  usbh_stdreq.o(.bss)
    HID_Machine                              0x200009e8   Data          84  usbh_hid_core.o(.bss)
    HID_Report                               0x20000a3c   Data          72  usbh_hid_core.o(.bss)
    HID_Desc                                 0x20000a84   Data          10  usbh_hid_core.o(.bss)
    tbuf                                     0x20000a90   Data        2017  usbh_usr.o(.bss)
    __libspace_start                         0x20001274   Data          96  libspace.o(.bss)
    __temporary_stack_top$libspace           0x200012d4   Data           0  libspace.o(.bss)



==============================================================================

Memory Map of the image

  Image Entry point : 0x08000189

  Load Region LR_IROM1 (Base: 0x08000000, Size: 0x0000565c, Max: 0x00100000, ABSOLUTE)

    Execution Region ER_IROM1 (Base: 0x08000000, Size: 0x0000556c, Max: 0x00100000, ABSOLUTE)

    Base Addr    Size         Type   Attr      Idx    E Section Name        Object

    0x08000000   0x00000188   Data   RO          342    RESET               startup_stm32f40_41xxx.o
    0x08000188   0x00000008   Code   RO          843  * !!!main             c_w.l(__main.o)
    0x08000190   0x00000034   Code   RO         1014    !!!scatter          c_w.l(__scatter.o)
    0x080001c4   0x0000001a   Code   RO         1016    !!handler_copy      c_w.l(__scatter_copy.o)
    0x080001de   0x00000002   PAD
    0x080001e0   0x0000001c   Code   RO         1018    !!handler_zi        c_w.l(__scatter_zi.o)
    0x080001fc   0x00000000   Code   RO          836    .ARM.Collect$$_printf_percent$$00000000  c_w.l(_printf_percent.o)
    0x080001fc   0x00000006   Code   RO          835    .ARM.Collect$$_printf_percent$$00000009  c_w.l(_printf_d.o)
    0x08000202   0x00000006   Code   RO          834    .ARM.Collect$$_printf_percent$$0000000C  c_w.l(_printf_x.o)
    0x08000208   0x00000006   Code   RO          833    .ARM.Collect$$_printf_percent$$00000014  c_w.l(_printf_s.o)
    0x0800020e   0x00000004   Code   RO          858    .ARM.Collect$$_printf_percent$$00000017  c_w.l(_printf_percent_end.o)
    0x08000212   0x00000002   Code   RO          889    .ARM.Collect$$libinit$$00000000  c_w.l(libinit.o)
    0x08000214   0x00000004   Code   RO          895    .ARM.Collect$$libinit$$00000001  c_w.l(libinit2.o)
    0x08000218   0x00000000   Code   RO          898    .ARM.Collect$$libinit$$00000004  c_w.l(libinit2.o)
    0x08000218   0x00000000   Code   RO          901    .ARM.Collect$$libinit$$0000000A  c_w.l(libinit2.o)
    0x08000218   0x00000000   Code   RO          903    .ARM.Collect$$libinit$$0000000C  c_w.l(libinit2.o)
    0x08000218   0x00000000   Code   RO          905    .ARM.Collect$$libinit$$0000000E  c_w.l(libinit2.o)
    0x08000218   0x00000000   Code   RO          908    .ARM.Collect$$libinit$$00000011  c_w.l(libinit2.o)
    0x08000218   0x00000000   Code   RO          910    .ARM.Collect$$libinit$$00000013  c_w.l(libinit2.o)
    0x08000218   0x00000000   Code   RO          912    .ARM.Collect$$libinit$$00000015  c_w.l(libinit2.o)
    0x08000218   0x00000000   Code   RO          914    .ARM.Collect$$libinit$$00000017  c_w.l(libinit2.o)
    0x08000218   0x00000000   Code   RO          916    .ARM.Collect$$libinit$$00000019  c_w.l(libinit2.o)
    0x08000218   0x00000000   Code   RO          918    .ARM.Collect$$libinit$$0000001B  c_w.l(libinit2.o)
    0x08000218   0x00000000   Code   RO          920    .ARM.Collect$$libinit$$0000001D  c_w.l(libinit2.o)
    0x08000218   0x00000000   Code   RO          922    .ARM.Collect$$libinit$$0000001F  c_w.l(libinit2.o)
    0x08000218   0x00000000   Code   RO          924    .ARM.Collect$$libinit$$00000021  c_w.l(libinit2.o)
    0x08000218   0x00000000   Code   RO          926    .ARM.Collect$$libinit$$00000023  c_w.l(libinit2.o)
    0x08000218   0x00000000   Code   RO          928    .ARM.Collect$$libinit$$00000025  c_w.l(libinit2.o)
    0x08000218   0x00000000   Code   RO          932    .ARM.Collect$$libinit$$0000002C  c_w.l(libinit2.o)
    0x08000218   0x00000000   Code   RO          934    .ARM.Collect$$libinit$$0000002E  c_w.l(libinit2.o)
    0x08000218   0x00000000   Code   RO          936    .ARM.Collect$$libinit$$00000030  c_w.l(libinit2.o)
    0x08000218   0x00000000   Code   RO          938    .ARM.Collect$$libinit$$00000032  c_w.l(libinit2.o)
    0x08000218   0x00000002   Code   RO          939    .ARM.Collect$$libinit$$00000033  c_w.l(libinit2.o)
    0x0800021a   0x00000002   Code   RO          957    .ARM.Collect$$libshutdown$$00000000  c_w.l(libshutdown.o)
    0x0800021c   0x00000000   Code   RO          968    .ARM.Collect$$libshutdown$$00000003  c_w.l(libshutdown2.o)
    0x0800021c   0x00000000   Code   RO          971    .ARM.Collect$$libshutdown$$00000006  c_w.l(libshutdown2.o)
    0x0800021c   0x00000000   Code   RO          974    .ARM.Collect$$libshutdown$$00000009  c_w.l(libshutdown2.o)
    0x0800021c   0x00000000   Code   RO          976    .ARM.Collect$$libshutdown$$0000000B  c_w.l(libshutdown2.o)
    0x0800021c   0x00000000   Code   RO          979    .ARM.Collect$$libshutdown$$0000000E  c_w.l(libshutdown2.o)
    0x0800021c   0x00000002   Code   RO          980    .ARM.Collect$$libshutdown$$0000000F  c_w.l(libshutdown2.o)
    0x0800021e   0x00000000   Code   RO          847    .ARM.Collect$$rtentry$$00000000  c_w.l(__rtentry.o)
    0x0800021e   0x00000000   Code   RO          860    .ARM.Collect$$rtentry$$00000002  c_w.l(__rtentry2.o)
    0x0800021e   0x00000006   Code   RO          872    .ARM.Collect$$rtentry$$00000004  c_w.l(__rtentry4.o)
    0x08000224   0x00000000   Code   RO          862    .ARM.Collect$$rtentry$$00000009  c_w.l(__rtentry2.o)
    0x08000224   0x00000004   Code   RO          863    .ARM.Collect$$rtentry$$0000000A  c_w.l(__rtentry2.o)
    0x08000228   0x00000000   Code   RO          865    .ARM.Collect$$rtentry$$0000000C  c_w.l(__rtentry2.o)
    0x08000228   0x00000008   Code   RO          866    .ARM.Collect$$rtentry$$0000000D  c_w.l(__rtentry2.o)
    0x08000230   0x00000002   Code   RO          893    .ARM.Collect$$rtexit$$00000000  c_w.l(rtexit.o)
    0x08000232   0x00000000   Code   RO          941    .ARM.Collect$$rtexit$$00000002  c_w.l(rtexit2.o)
    0x08000232   0x00000004   Code   RO          942    .ARM.Collect$$rtexit$$00000003  c_w.l(rtexit2.o)
    0x08000236   0x00000006   Code   RO          943    .ARM.Collect$$rtexit$$00000004  c_w.l(rtexit2.o)
    0x0800023c   0x00000148   Code   RO            3    .text               main.o
    0x08000384   0x0000001a   Code   RO          196    .text               stm32f4xx_it.o
    0x0800039e   0x00000002   PAD
    0x080003a0   0x00000210   Code   RO          245    .text               system_stm32f4xx.o
    0x080005b0   0x00000104   Code   RO          271    .text               delay.o
    0x080006b4   0x00000148   Code   RO          311    .text               usart.o
    0x080007fc   0x00000040   Code   RO          343    .text               startup_stm32f40_41xxx.o
    0x0800083c   0x000000e0   Code   RO          349    .text               misc.o
    0x0800091c   0x00000294   Code   RO          369    .text               stm32f4xx_gpio.o
    0x08000bb0   0x0000065c   Code   RO          412    .text               stm32f4xx_rcc.o
    0x0800120c   0x00000454   Code   RO          454    .text               stm32f4xx_usart.o
    0x08001660   0x00000c2a   Code   RO          474    .text               usb_core.o
    0x0800228a   0x000000e4   Code   RO          494    .text               usb_hcd.o
    0x0800236e   0x00000002   PAD
    0x08002370   0x00000e74   Code   RO          514    .text               usb_hcd_int.o
    0x080031e4   0x00000666   Code   RO          538    .text               usbh_core.o
    0x0800384a   0x00000186   Code   RO          564    .text               usbh_hcs.o
    0x080039d0   0x000003a8   Code   RO          584    .text               usbh_ioreq.o
    0x08003d78   0x000003d8   Code   RO          604    .text               usbh_stdreq.o
    0x08004150   0x00000474   Code   RO          631    .text               usbh_hid_core.o
    0x080045c4   0x0000015c   Code   RO          666    .text               usbh_hid_keybd.o
    0x08004720   0x00000060   Code   RO          692    .text               usbh_hid_mouse.o
    0x08004780   0x000000bc   Code   RO          718    .text               usb_bsp.o
    0x0800483c   0x000005d0   Code   RO          738    .text               usbh_usr.o
    0x08004e0c   0x00000002   Code   RO          774    .text               c_w.l(use_no_semi_2.o)
    0x08004e0e   0x00000002   PAD
    0x08004e10   0x00000018   Code   RO          780    .text               c_w.l(noretval__2printf.o)
    0x08004e28   0x00000028   Code   RO          782    .text               c_w.l(noretval__2sprintf.o)
    0x08004e50   0x0000004e   Code   RO          786    .text               c_w.l(_printf_pad.o)
    0x08004e9e   0x00000052   Code   RO          788    .text               c_w.l(_printf_str.o)
    0x08004ef0   0x00000078   Code   RO          790    .text               c_w.l(_printf_dec.o)
    0x08004f68   0x00000058   Code   RO          795    .text               c_w.l(_printf_hex_int.o)
    0x08004fc0   0x00000138   Code   RO          825    .text               c_w.l(__printf_flags_wp.o)
    0x080050f8   0x00000018   Code   RO          837    .text               c_w.l(strcat.o)
    0x08005110   0x0000004e   Code   RO          839    .text               c_w.l(rt_memclr_w.o)
    0x0800515e   0x00000006   Code   RO          841    .text               c_w.l(heapauxi.o)
    0x08005164   0x00000002   Code   RO          845    .text               c_w.l(use_no_semi.o)
    0x08005166   0x000000b2   Code   RO          848    .text               c_w.l(_printf_intcommon.o)
    0x08005218   0x00000030   Code   RO          850    .text               c_w.l(_printf_char_common.o)
    0x08005248   0x0000000a   Code   RO          852    .text               c_w.l(_sputc.o)
    0x08005252   0x0000002c   Code   RO          854    .text               c_w.l(_printf_char.o)
    0x0800527e   0x00000002   PAD
    0x08005280   0x00000024   Code   RO          856    .text               c_w.l(_printf_char_file.o)
    0x080052a4   0x00000008   Code   RO          876    .text               c_w.l(ferror.o)
    0x080052ac   0x0000004a   Code   RO          880    .text               c_w.l(sys_stackheap_outer.o)
    0x080052f6   0x0000000c   Code   RO          882    .text               c_w.l(exit.o)
    0x08005302   0x00000002   PAD
    0x08005304   0x00000008   Code   RO          890    .text               c_w.l(libspace.o)
    0x0800530c   0x0000000e   Code   RO          823    i._is_digit         c_w.l(__printf_wp.o)
    0x0800531a   0x0000000a   Code   RO          949    x$fpl$fpinit        fz_wm.l(fpinit.o)
    0x08005324   0x000001ec   Data   RO          667    .constdata          usbh_hid_keybd.o
    0x08005510   0x00000028   Data   RO          796    .constdata          c_w.l(_printf_hex_int.o)
    0x08005538   0x00000011   Data   RO          826    .constdata          c_w.l(__printf_flags_wp.o)
    0x08005549   0x00000003   PAD
    0x0800554c   0x00000020   Data   RO         1012    Region$$Table       anon$$obj.o


    Execution Region RW_IRAM1 (Base: 0x20000000, Size: 0x000018d8, Max: 0x00020000, ABSOLUTE)

    Base Addr    Size         Type   Attr      Idx    E Section Name        Object

    0x20000000   0x00000014   Data   RW          246    .data               system_stm32f4xx.o
    0x20000014   0x00000004   Data   RW          272    .data               delay.o
    0x20000018   0x00000006   Data   RW          313    .data               usart.o
    0x2000001e   0x00000010   Data   RW          413    .data               stm32f4xx_rcc.o
    0x2000002e   0x00000002   PAD
    0x20000030   0x00000012   Data   RW          539    .data               usbh_core.o
    0x20000042   0x00000003   Data   RW          606    .data               usbh_stdreq.o
    0x20000045   0x00000003   PAD
    0x20000048   0x0000001c   Data   RW          633    .data               usbh_hid_core.o
    0x20000064   0x0000001f   Data   RW          668    .data               usbh_hid_keybd.o
    0x20000083   0x00000001   PAD
    0x20000084   0x0000000c   Data   RW          693    .data               usbh_hid_mouse.o
    0x20000090   0x0000005e   Data   RW          740    .data               usbh_usr.o
    0x200000ee   0x00000002   PAD
    0x200000f0   0x00000630   Zero   RW            4    .bss                main.o
    0x20000720   0x000000c8   Zero   RW          312    .bss                usart.o
    0x200007e8   0x00000200   Zero   RW          605    .bss                usbh_stdreq.o
    0x200009e8   0x000000a6   Zero   RW          632    .bss                usbh_hid_core.o
    0x20000a8e   0x00000002   PAD
    0x20000a90   0x000007e1   Zero   RW          739    .bss                usbh_usr.o
    0x20001271   0x00000003   PAD
    0x20001274   0x00000060   Zero   RW          891    .bss                c_w.l(libspace.o)
    0x200012d4   0x00000004   PAD
    0x200012d8   0x00000200   Zero   RW          341    HEAP                startup_stm32f40_41xxx.o
    0x200014d8   0x00000400   Zero   RW          340    STACK               startup_stm32f40_41xxx.o


==============================================================================

Image component sizes


      Code (inc. data)   RO Data    RW Data    ZI Data      Debug   Object Name

       260          8          0          4          0       1625   delay.o
       328         34          0          0       1584     292904   main.o
       224         20          0          0          0       2005   misc.o
        64         26        392          0       1536        900   startup_stm32f40_41xxx.o
       660         44          0          0          0       4281   stm32f4xx_gpio.o
        26          0          0          0          0       1314   stm32f4xx_it.o
      1628         52          0         16          0      13164   stm32f4xx_rcc.o
      1108         34          0          0          0       7980   stm32f4xx_usart.o
       528         46          0         20          0       2059   system_stm32f4xx.o
       328         16          0          6        200       3570   usart.o
       188         10          0          0          0       2523   usb_bsp.o
      3114         10          0          0          0      10238   usb_core.o
       228          0          0          0          0       3364   usb_hcd.o
      3700         10          0          0          0       6847   usb_hcd_int.o
      1638         44          0         18          0       6375   usbh_core.o
       390          0          0          0          0       2840   usbh_hcs.o
      1140         30          0         28        166       6558   usbh_hid_core.o
       348         44        492         31          0       2336   usbh_hid_keybd.o
        96          8          0         12          0       2272   usbh_hid_mouse.o
       936          0          0          0          0       4584   usbh_ioreq.o
       984         12          0          3        512       6165   usbh_stdreq.o
      1488        600          0         94       2017       7091   usbh_usr.o

    ----------------------------------------------------------------------
     19408       1048        916        240       6020     390995   Object Totals
         0          0         32          0          0          0   (incl. Generated)
         4          0          0          8          5          0   (incl. Padding)

    ----------------------------------------------------------------------

      Code (inc. data)   RO Data    RW Data    ZI Data      Debug   Library Member Name

         8          0          0          0          0         68   __main.o
       312          4         17          0          0         92   __printf_flags_wp.o
        14          0          0          0          0         68   __printf_wp.o
         0          0          0          0          0          0   __rtentry.o
        12          0          0          0          0          0   __rtentry2.o
         6          0          0          0          0          0   __rtentry4.o
        52          8          0          0          0          0   __scatter.o
        26          0          0          0          0          0   __scatter_copy.o
        28          0          0          0          0          0   __scatter_zi.o
        44          0          0          0          0        108   _printf_char.o
        48          6          0          0          0         96   _printf_char_common.o
        36          4          0          0          0         80   _printf_char_file.o
         6          0          0          0          0          0   _printf_d.o
       120         16          0          0          0         92   _printf_dec.o
        88          4         40          0          0         88   _printf_hex_int.o
       178          0          0          0          0         88   _printf_intcommon.o
        78          0          0          0          0        108   _printf_pad.o
         0          0          0          0          0          0   _printf_percent.o
         4          0          0          0          0          0   _printf_percent_end.o
         6          0          0          0          0          0   _printf_s.o
        82          0          0          0          0         80   _printf_str.o
         6          0          0          0          0          0   _printf_x.o
        10          0          0          0          0         68   _sputc.o
        12          0          0          0          0         72   exit.o
         8          0          0          0          0         68   ferror.o
         6          0          0          0          0        152   heapauxi.o
         2          0          0          0          0          0   libinit.o
         6          0          0          0          0          0   libinit2.o
         2          0          0          0          0          0   libshutdown.o
         2          0          0          0          0          0   libshutdown2.o
         8          4          0          0         96         68   libspace.o
        24          4          0          0          0         84   noretval__2printf.o
        40          6          0          0          0         84   noretval__2sprintf.o
        78          0          0          0          0         80   rt_memclr_w.o
         2          0          0          0          0          0   rtexit.o
        10          0          0          0          0          0   rtexit2.o
        24          0          0          0          0         68   strcat.o
        74          0          0          0          0         80   sys_stackheap_outer.o
         2          0          0          0          0         68   use_no_semi.o
         2          0          0          0          0         68   use_no_semi_2.o
        10          0          0          0          0        116   fpinit.o

    ----------------------------------------------------------------------
      1484         56         60          0        100       2044   Library Totals
         8          0          3          0          4          0   (incl. Padding)

    ----------------------------------------------------------------------

      Code (inc. data)   RO Data    RW Data    ZI Data      Debug   Library Name

      1466         56         57          0         96       1928   c_w.l
        10          0          0          0          0        116   fz_wm.l

    ----------------------------------------------------------------------
      1484         56         60          0        100       2044   Library Totals

    ----------------------------------------------------------------------

==============================================================================


      Code (inc. data)   RO Data    RW Data    ZI Data      Debug   

     20892       1104        976        240       6120     387551   Grand Totals
     20892       1104        976        240       6120     387551   ELF Image Totals
     20892       1104        976        240          0          0   ROM Totals

==============================================================================

    Total RO  Size (Code + RO Data)                21868 (  21.36kB)
    Total RW  Size (RW Data + ZI Data)              6360 (   6.21kB)
    Total ROM Size (Code + RO Data + RW Data)      22108 (  21.59kB)

==============================================================================

